******************************************************************************
             TMS320C2000 Linker PC v22.6.1                     
******************************************************************************
>> Linked Sat Apr 13 21:42:40 2024

OUTPUT FILE NAME:   <F28379D_FOC.out>
ENTRY POINT SYMBOL: "code_start"  address: 00000000


MEMORY CONFIGURATION

         name            origin    length      used     unused   attr    fill
----------------------  --------  ---------  --------  --------  ----  --------
PAGE 0:
  BEGIN                 00000000   00000002  00000002  00000000  RWIX
  RAMM0                 00000123   000002dd  00000020  000002bd  RWIX
  RAMLS0                00008000   00000800  00000757  000000a9  RWIX
  RAMLS1                00008800   00000800  00000000  00000800  RWIX
  RAMLS2                00009000   00000800  00000000  00000800  RWIX
  RAMLS3                00009800   00000800  00000000  00000800  RWIX
  RAMLS4                0000a000   00000800  00000000  00000800  RWIX
  RAMD0                 0000b000   00000800  00000800  00000000  RWIX
  FLASHA                00080002   00001ffe  00000000  00001ffe  RWIX
  FLASHB                00082000   00002000  00000000  00002000  RWIX
  FLASHC                00084000   00002000  00000000  00002000  RWIX
  FLASHD                00086000   00002000  00000000  00002000  RWIX
  FLASHE                00088000   00008000  00000000  00008000  RWIX
  FLASHF                00090000   00008000  00000000  00008000  RWIX
  FLASHG                00098000   00008000  00000000  00008000  RWIX
  FLASHH                000a0000   00008000  00000000  00008000  RWIX
  FLASHI                000a8000   00008000  00000000  00008000  RWIX
  FLASHJ                000b0000   00008000  00000000  00008000  RWIX
  FLASHK                000b8000   00002000  00000000  00002000  RWIX
  FLASHL                000ba000   00002000  00000000  00002000  RWIX
  FLASHM                000bc000   00002000  00000000  00002000  RWIX
  FLASHN                000be000   00001ff0  00000000  00001ff0  RWIX
  RESET                 003fffc0   00000002  00000000  00000002  RWIX

PAGE 1:
  BOOT_RSVD             00000002   00000121  00000000  00000121  RWIX
  RAMM1                 00000400   000003f8  00000100  000002f8  RWIX
  RAMLS5                0000a800   00000800  000002f2  0000050e  RWIX
  RAMD1                 0000b800   00000800  00000000  00000800  RWIX
  RAMGS0                0000c000   00001000  00000000  00001000  RWIX
  RAMGS1                0000d000   00001000  00000000  00001000  RWIX
  RAMGS2                0000e000   00001000  00000000  00001000  RWIX
  RAMGS3                0000f000   00001000  00000000  00001000  RWIX
  RAMGS4                00010000   00001000  00000000  00001000  RWIX
  RAMGS5                00011000   00001000  00000000  00001000  RWIX
  RAMGS6                00012000   00001000  00000000  00001000  RWIX
  RAMGS7                00013000   00001000  00000000  00001000  RWIX
  RAMGS8                00014000   00001000  00000000  00001000  RWIX
  RAMGS9                00015000   00001000  00000000  00001000  RWIX
  RAMGS10               00016000   00001000  00000000  00001000  RWIX
  RAMGS11               00017000   00001000  00000000  00001000  RWIX
  RAMGS12               00018000   00001000  00000000  00001000  RWIX
  RAMGS13               00019000   00001000  00000000  00001000  RWIX
  RAMGS14               0001a000   00001000  00000000  00001000  RWIX
  RAMGS15               0001b000   00000ff8  00000000  00000ff8  RWIX
  CPU2TOCPU1RAM         0003f800   00000400  00000000  00000400  RWIX
  CPU1TOCPU2RAM         0003fc00   00000400  00000000  00000400  RWIX
  CANA_MSG_RAM          00049000   00000800  00000000  00000800  RWIX
  CANB_MSG_RAM          0004b000   00000800  00000000  00000800  RWIX


SECTION ALLOCATION MAP

 output                                  attributes/
section   page    origin      length       input sections
--------  ----  ----------  ----------   ----------------
codestart 
*          0    00000000    00000002     
                  00000000    00000002     F2837xD_CodeStartBranch.obj (codestart)

.cinit     0    00000128    0000001c     
                  00000128    0000000a     (.cinit..data.load) [load image, compression = lzss]
                  00000132    00000006     (__TI_handler_table)
                  00000138    00000004     (.cinit..bss.load) [load image, compression = zero_init]
                  0000013c    00000008     (__TI_cinit_table)

.reset     0    003fffc0    00000000     DSECT

.stack     1    00000400    00000100     UNINITIALIZED
                  00000400    00000100     --HOLE--

.bss       1    0000aadd    00000001     UNINITIALIZED
                  0000aadd    00000001     main.obj (.bss)

.init_array 
*          0    00000123    00000000     UNINITIALIZED

.const     1    0000a800    000002dd     
                  0000a800    000000c2     driverlib_eabi.lib : sysctl.obj (.const:.string)
                  0000a8c2    000000bc                        : gpio.obj (.const:.string)
                  0000a97e    00000062                        : cputimer.obj (.const:.string)
                  0000a9e0    0000005d                        : adc.obj (.const:.string)
                  0000aa3d    00000001     --HOLE-- [fill = 0]
                  0000aa3e    00000048     main.obj (.const:.string)
                  0000aa86    00000043     adc_read.obj (.const:.string)
                  0000aac9    00000001     --HOLE-- [fill = 0]
                  0000aaca    00000013     device.obj (.const:.string)

.data      1    0000aade    00000014     UNINITIALIZED
                  0000aade    00000006     device.obj (.data)
                  0000aae4    00000006     rts2800_fpu32_eabi.lib : exit.c.obj (.data)
                  0000aaea    00000004     main.obj (.data:adcResult)
                  0000aaee    00000002     rts2800_fpu32_eabi.lib : _lock.c.obj (.data:_lock)
                  0000aaf0    00000002                            : _lock.c.obj (.data:_unlock)

.TI.ramfunc 
*          0    00000123    00000004     
                  00000123    00000004     driverlib_eabi.lib : sysctl.obj (.TI.ramfunc)

GETBUFFER 
*          0    0003f800    00000000     DSECT

GETWRITEIDX 
*          0    0003f800    00000000     DSECT

PUTREADIDX 
*          0    0003f800    00000000     DSECT

.text.1    0    00008000    00000757     
                  00008000    00000116     adc_read.obj (.text)
                  00008116    00000088     rts2800_fpu32_eabi.lib : fs_div28.asm.obj (.text)
                  0000819e    0000006f     driverlib_eabi.lib : adc.obj (.text:ADC_setINLTrim)
                  0000820d    00000068                        : sysctl.obj (.text:SysCtl_getDeviceParametric)
                  00008275    00000060                        : adc.obj (.text:ADC_setOffsetTrim)
                  000082d5    00000051                        : sysctl.obj (.text:SysCtl_getClock)
                  00008326    0000003d                        : interrupt.obj (.text:Interrupt_initModule)
                  00008363    00000037                        : gpio.obj (.text:GPIO_setControllerCore)
                  0000839a    00000037                        : gpio.obj (.text:GPIO_setPinConfig)
                  000083d1    00000037                        : gpio.obj (.text:GPIO_setQualificationMode)
                  00008408    00000037                        : interrupt.obj (.text:Interrupt_enable)
                  0000843f    00000035     main.obj (.text:retain)
                  00008474    00000031     driverlib_eabi.lib : gpio.obj (.text:GPIO_setDirectionMode)
                  000084a5    00000030     rts2800_fpu32_eabi.lib : copy_decompress_lzss.c.obj (.text:decompress:lzss)
                  000084d5    0000002f     driverlib_eabi.lib : adc.obj (.text:ADC_setMode)
                  00008504    0000002b     rts2800_fpu32_eabi.lib : autoinit.c.obj (.text:__TI_auto_init_nobinit_nopinit)
                  0000852f    00000029                            : exit.c.obj (.text)
                  00008558    00000021     driverlib_eabi.lib : sysctl.obj (.text:CPUTimer_selectClockSource)
                  00008579    0000001f                        : sysctl.obj (.text:CPUTimer_getTimerOverflowStatus)
                  00008598    0000001e                        : interrupt.obj (.text:Interrupt_initVectorTable)
                  000085b6    0000001d     rts2800_fpu32_eabi.lib : memcpy.c.obj (.text)
                  000085d3    0000001b     driverlib_eabi.lib : adc.obj (.text:ADC_isBaseValid)
                  000085ee    0000001a                        : sysctl.obj (.text:CPUTimer_startTimer)
                  00008608    0000001a                        : sysctl.obj (.text:SysCtl_getLowSpeedClock)
                  00008622    00000017                        : cputimer.obj (.text:CPUTimer_isBaseValid)
                  00008639    00000017                        : sysctl.obj (.text:CPUTimer_isBaseValid)
                  00008650    00000017     rts2800_fpu32_eabi.lib : boot28.asm.obj (.text)
                  00008667    00000014     driverlib_eabi.lib : sysctl.obj (.text:CPUTimer_stopTimer)
                  0000867b    00000013                        : cputimer.obj (.text:CPUTimer_setEmulationMode)
                  0000868e    00000012                        : sysctl.obj (.text:CPUTimer_clearOverflowFlag)
                  000086a0    00000012                        : sysctl.obj (.text:CPUTimer_disableInterrupt)
                  000086b2    00000011                        : sysctl.obj (.text:CPUTimer_setPeriod)
                  000086c3    0000000f                        : sysctl.obj (.text:SysCtl_pollCpuTimer)
                  000086d2    0000000e                        : gpio.obj (.text:GPIO_isPinValid)
                  000086e0    0000000e                        : interrupt.obj (.text:Interrupt_defaultHandler)
                  000086ee    0000000d                        : interrupt.obj (.text:Interrupt_disableGlobal)
                  000086fb    0000000d                        : interrupt.obj (.text:Interrupt_enableGlobal)
                  00008708    0000000d     rts2800_fpu32_eabi.lib : copy_zero_init.c.obj (.text:decompress:ZI:__TI_zero_init_nomemset)
                  00008715    0000000c                            : args_main.c.obj (.text)
                  00008721    0000000b     driverlib_eabi.lib : sysctl.obj (.text:SysCtl_isMCDClockFailureDetected)
                  0000872c    00000009                        : sysctl.obj (.text:SysCtl_serviceWatchdog)
                  00008735    00000009     rts2800_fpu32_eabi.lib : _lock.c.obj (.text)
                  0000873e    00000008     F2837xD_CodeStartBranch.obj (.text)
                  00008746    00000008     rts2800_fpu32_eabi.lib : copy_decompress_none.c.obj (.text:decompress:none)
                  0000874e    00000007     driverlib_eabi.lib : sysctl.obj (.text:SysCtl_resetMCD)
                  00008755    00000002     rts2800_fpu32_eabi.lib : pre_init.c.obj (.text)

.text.2    0    0000b000    00000800     
                  0000b000    000003fc     device.obj (.text)
                  0000b3fc    00000206     driverlib_eabi.lib : sysctl.obj (.text:SysCtl_setClock)
                  0000b602    00000127     main.obj (.text)
                  0000b729    0000008a     driverlib_eabi.lib : sysctl.obj (.text:SysCtl_selectXTAL)
                  0000b7b3    00000048                        : sysctl.obj (.text:SysCtl_selectOscSource)
                  0000b7fb    00000002                        : interrupt.obj (.text:Interrupt_illegalOperationHandler)
                  0000b7fd    00000002                        : interrupt.obj (.text:Interrupt_nmiHandler)
                  0000b7ff    00000001     rts2800_fpu32_eabi.lib : startup.c.obj (.text)

MODULE SUMMARY

       Module                        code   ro data   rw data
       ------                        ----   -------   -------
    .\
       main.obj                      348    72        5      
    +--+-----------------------------+------+---------+---------+
       Total:                        348    72        5      
                                                             
    .\Components\Driver\
       adc_read.obj                  278    67        0      
    +--+-----------------------------+------+---------+---------+
       Total:                        278    67        0      
                                                             
    .\device\
       device.obj                    1020   19        6      
       F2837xD_CodeStartBranch.obj   10     0         0      
    +--+-----------------------------+------+---------+---------+
       Total:                        1030   19        6      
                                                             
    C:\ti\c2000\C2000Ware_5_01_00_00\driverlib\f2837xd\driverlib\ccs\Debug\driverlib_eabi.lib
       sysctl.obj                    1171   194       0      
       gpio.obj                      228    188       0      
       adc.obj                       281    93        0      
       interrupt.obj                 190    0         0      
       cputimer.obj                  42     98        0      
    +--+-----------------------------+------+---------+---------+
       Total:                        1912   573       0      
                                                             
    C:\ti\ccs1260\ccs\tools\compiler\ti-cgt-c2000_22.6.1.LTS\lib\rts2800_fpu32_eabi.lib
       fs_div28.asm.obj              136    0         0      
       copy_decompress_lzss.c.obj    48     0         0      
       exit.c.obj                    41     0         6      
       autoinit.c.obj                43     0         0      
       memcpy.c.obj                  29     0         0      
       boot28.asm.obj                23     0         0      
       _lock.c.obj                   9      0         4      
       copy_zero_init.c.obj          13     0         0      
       args_main.c.obj               12     0         0      
       copy_decompress_none.c.obj    8      0         0      
       pre_init.c.obj                2      0         0      
       startup.c.obj                 1      0         0      
    +--+-----------------------------+------+---------+---------+
       Total:                        365    0         10     
                                                             
       Stack:                        0      0         256    
       Linker Generated:             0      28        0      
    +--+-----------------------------+------+---------+---------+
       Grand Total:                  3933   759       277    


LINKER GENERATED COPY TABLES

__TI_cinit_table @ 0000013c records: 2, size/record: 4, table size: 8
	.data: load addr=00000128, load size=0000000a bytes, run addr=0000aade, run size=00000014 bytes, compression=lzss
	.bss: load addr=00000138, load size=00000004 bytes, run addr=0000aadd, run size=00000001 bytes, compression=zero_init


LINKER GENERATED HANDLER TABLE

__TI_handler_table @ 00000132 records: 3, size/record: 2, table size: 6
	index: 0, handler: __TI_zero_init
	index: 1, handler: __TI_decompress_lzss
	index: 2, handler: __TI_decompress_none


GLOBAL DATA SYMBOLS: SORTED BY DATA PAGE

address     data page           name
--------    ----------------    ----
00000400      10 (00000400)     __stack

0000aadd     2ab (0000aac0)     cpuTimer0IntCount
0000aade     2ab (0000aac0)     Example_Result
0000aae0     2ab (0000aac0)     Example_PassCount
0000aae2     2ab (0000aac0)     Example_Fail
0000aae4     2ab (0000aac0)     __TI_enable_exit_profile_output
0000aae6     2ab (0000aac0)     __TI_cleanup_ptr
0000aae8     2ab (0000aac0)     __TI_dtors_ptr
0000aaea     2ab (0000aac0)     adcResult
0000aaee     2ab (0000aac0)     _lock
0000aaf0     2ab (0000aac0)     _unlock


GLOBAL SYMBOLS: SORTED ALPHABETICALLY BY Name 

page  address   name                                     
----  -------   ----                                     
0     0000819e  ADC_setINLTrim                           
0     000084d5  ADC_setMode                              
0     00008275  ADC_setOffsetTrim                        
0     000080f6  ADC_updateReading                        
0     0000852f  C$$EXIT                                  
0     0000867b  CPUTimer_setEmulationMode                
0     0000b270  Device_bootCPU2                          
0     0000b23f  Device_configureTMXAnalogTrim            
0     0000b0ed  Device_enableAllPeripherals              
0     0000b229  Device_enableUnbondedGPIOPullups         
0     0000b20c  Device_enableUnbondedGPIOPullupsFor100Pin
0     0000b1f9  Device_enableUnbondedGPIOPullupsFor176Pin
0     0000b0ab  Device_init                              
0     0000b1d8  Device_initGPIO                          
1     0000aae2  Example_Fail                             
1     0000aae0  Example_PassCount                        
1     0000aade  Example_Result                           
0     0000b3fb  Example_done                             
0     0000b3f6  Example_setResultFail                    
0     0000b3f1  Example_setResultPass                    
0     00008363  GPIO_setControllerCore                   
0     00008474  GPIO_setDirectionMode                    
0     0000839a  GPIO_setPinConfig                        
0     000083d1  GPIO_setQualificationMode                
0     00008408  Interrupt_enable                         
0     00008326  Interrupt_initModule                     
0     00008598  Interrupt_initVectorTable                
0     00000123  SysCtl_delay                             
0     000082d5  SysCtl_getClock                          
0     0000820d  SysCtl_getDeviceParametric               
0     00008608  SysCtl_getLowSpeedClock                  
0     0000b7b3  SysCtl_selectOscSource                   
0     0000b729  SysCtl_selectXTAL                        
0     0000b3fc  SysCtl_setClock                          
0     0000013c  __TI_CINIT_Base                          
0     00000144  __TI_CINIT_Limit                         
0     00000144  __TI_CINIT_Warm                          
0     00000132  __TI_Handler_Table_Base                  
0     00000138  __TI_Handler_Table_Limit                 
1     00000500  __TI_STACK_END                           
abs   00000100  __TI_STACK_SIZE                          
0     00008504  __TI_auto_init_nobinit_nopinit           
1     0000aae6  __TI_cleanup_ptr                         
0     000084a5  __TI_decompress_lzss                     
0     00008746  __TI_decompress_none                     
1     0000aae8  __TI_dtors_ptr                           
1     0000aae4  __TI_enable_exit_profile_output          
abs   ffffffff  __TI_pprof_out_hndl                      
abs   ffffffff  __TI_prof_data_size                      
abs   ffffffff  __TI_prof_data_start                     
0     00008708  __TI_zero_init_nomemset                  
0     00008116  __c28xabi_divf                           
n/a   UNDEFED   __c_args__                               
0     0000b3ea  __error__                                
1     00000400  __stack                                  
0     00008715  _args_main                               
0     00008650  _c_int00                                 
1     0000aaee  _lock                                    
0     0000873d  _nop                                     
0     00008739  _register_lock                           
0     00008735  _register_unlock                         
0     0000b7ff  _system_post_cinit                       
0     00008755  _system_pre_init                         
1     0000aaf0  _unlock                                  
0     0000852f  abort                                    
0     0000843f  adcISR                                   
1     0000aaea  adcResult                                
0     00000000  code_start                               
0     0000b6f6  configCPUTimer                           
1     0000aadd  cpuTimer0IntCount                        
0     00008531  exit                                     
0     000080cb  initADCSOCs                              
0     00008098  initADCs                                 
0     0000b6dc  initCPUTimers                            
0     0000b6ad  main                                     
0     000085b6  memcpy                                   


GLOBAL SYMBOLS: SORTED BY Symbol Address 

page  address   name                                     
----  -------   ----                                     
0     00000000  code_start                               
0     00000123  SysCtl_delay                             
0     00000132  __TI_Handler_Table_Base                  
0     00000138  __TI_Handler_Table_Limit                 
0     0000013c  __TI_CINIT_Base                          
0     00000144  __TI_CINIT_Limit                         
0     00000144  __TI_CINIT_Warm                          
0     00008098  initADCs                                 
0     000080cb  initADCSOCs                              
0     000080f6  ADC_updateReading                        
0     00008116  __c28xabi_divf                           
0     0000819e  ADC_setINLTrim                           
0     0000820d  SysCtl_getDeviceParametric               
0     00008275  ADC_setOffsetTrim                        
0     000082d5  SysCtl_getClock                          
0     00008326  Interrupt_initModule                     
0     00008363  GPIO_setControllerCore                   
0     0000839a  GPIO_setPinConfig                        
0     000083d1  GPIO_setQualificationMode                
0     00008408  Interrupt_enable                         
0     0000843f  adcISR                                   
0     00008474  GPIO_setDirectionMode                    
0     000084a5  __TI_decompress_lzss                     
0     000084d5  ADC_setMode                              
0     00008504  __TI_auto_init_nobinit_nopinit           
0     0000852f  C$$EXIT                                  
0     0000852f  abort                                    
0     00008531  exit                                     
0     00008598  Interrupt_initVectorTable                
0     000085b6  memcpy                                   
0     00008608  SysCtl_getLowSpeedClock                  
0     00008650  _c_int00                                 
0     0000867b  CPUTimer_setEmulationMode                
0     00008708  __TI_zero_init_nomemset                  
0     00008715  _args_main                               
0     00008735  _register_unlock                         
0     00008739  _register_lock                           
0     0000873d  _nop                                     
0     00008746  __TI_decompress_none                     
0     00008755  _system_pre_init                         
0     0000b0ab  Device_init                              
0     0000b0ed  Device_enableAllPeripherals              
0     0000b1d8  Device_initGPIO                          
0     0000b1f9  Device_enableUnbondedGPIOPullupsFor176Pin
0     0000b20c  Device_enableUnbondedGPIOPullupsFor100Pin
0     0000b229  Device_enableUnbondedGPIOPullups         
0     0000b23f  Device_configureTMXAnalogTrim            
0     0000b270  Device_bootCPU2                          
0     0000b3ea  __error__                                
0     0000b3f1  Example_setResultPass                    
0     0000b3f6  Example_setResultFail                    
0     0000b3fb  Example_done                             
0     0000b3fc  SysCtl_setClock                          
0     0000b6ad  main                                     
0     0000b6dc  initCPUTimers                            
0     0000b6f6  configCPUTimer                           
0     0000b729  SysCtl_selectXTAL                        
0     0000b7b3  SysCtl_selectOscSource                   
0     0000b7ff  _system_post_cinit                       
1     00000400  __stack                                  
1     00000500  __TI_STACK_END                           
1     0000aadd  cpuTimer0IntCount                        
1     0000aade  Example_Result                           
1     0000aae0  Example_PassCount                        
1     0000aae2  Example_Fail                             
1     0000aae4  __TI_enable_exit_profile_output          
1     0000aae6  __TI_cleanup_ptr                         
1     0000aae8  __TI_dtors_ptr                           
1     0000aaea  adcResult                                
1     0000aaee  _lock                                    
1     0000aaf0  _unlock                                  
abs   00000100  __TI_STACK_SIZE                          
abs   ffffffff  __TI_pprof_out_hndl                      
abs   ffffffff  __TI_prof_data_size                      
abs   ffffffff  __TI_prof_data_start                     
n/a   UNDEFED   __c_args__                               

[76 symbols]
