******************************************************************************
             TMS320C2000 Linker PC v22.6.1                     
******************************************************************************
>> Linked Sat May 11 11:18:40 2024

OUTPUT FILE NAME:   <F28379D_FOC.out>
ENTRY POINT SYMBOL: "code_start"  address: 00000000


MEMORY CONFIGURATION

         name            origin    length      used     unused   attr    fill
----------------------  --------  ---------  --------  --------  ----  --------
PAGE 0:
  BEGIN                 00000000   00000002  00000002  00000000  RWIX
  RAMM0                 00000123   000002dd  00000022  000002bb  RWIX
  RAMLS0                00008000   00000800  00000800  00000000  RWIX
  RAMLS1                00008800   00000800  0000076d  00000093  RWIX
  RAMLS2                00009000   00000800  00000000  00000800  RWIX
  RAMLS3                00009800   00000800  00000000  00000800  RWIX
  RAMLS4                0000a000   00000800  00000000  00000800  RWIX
  RAMD0                 0000b000   00000800  00000800  00000000  RWIX
  FLASHA                00080002   00001ffe  00000000  00001ffe  RWIX
  FLASHB                00082000   00002000  00000000  00002000  RWIX
  FLASHC                00084000   00002000  00000000  00002000  RWIX
  FLASHD                00086000   00002000  00000000  00002000  RWIX
  FLASHE                00088000   00008000  00000000  00008000  RWIX
  FLASHF                00090000   00008000  00000000  00008000  RWIX
  FLASHG                00098000   00008000  00000000  00008000  RWIX
  FLASHH                000a0000   00008000  00000000  00008000  RWIX
  FLASHI                000a8000   00008000  00000000  00008000  RWIX
  FLASHJ                000b0000   00008000  00000000  00008000  RWIX
  FLASHK                000b8000   00002000  00000000  00002000  RWIX
  FLASHL                000ba000   00002000  00000000  00002000  RWIX
  FLASHM                000bc000   00002000  00000000  00002000  RWIX
  FLASHN                000be000   00001ff0  00000000  00001ff0  RWIX
  RESET                 003fffc0   00000002  00000000  00000002  RWIX

PAGE 1:
  BOOT_RSVD             00000002   00000121  00000000  00000121  RWIX
  RAMM1                 00000400   000003f8  00000100  000002f8  RWIX
  RAMLS5                0000a800   00000800  00000450  000003b0  RWIX
  RAMD1                 0000b800   00000800  00000000  00000800  RWIX
  RAMGS0                0000c000   00001000  00000000  00001000  RWIX
  RAMGS1                0000d000   00001000  00000000  00001000  RWIX
  RAMGS2                0000e000   00001000  00000000  00001000  RWIX
  RAMGS3                0000f000   00001000  00000000  00001000  RWIX
  RAMGS4                00010000   00001000  00000000  00001000  RWIX
  RAMGS5                00011000   00001000  00000000  00001000  RWIX
  RAMGS6                00012000   00001000  00000000  00001000  RWIX
  RAMGS7                00013000   00001000  00000000  00001000  RWIX
  RAMGS8                00014000   00001000  00000000  00001000  RWIX
  RAMGS9                00015000   00001000  00000000  00001000  RWIX
  RAMGS10               00016000   00001000  00000000  00001000  RWIX
  RAMGS11               00017000   00001000  00000000  00001000  RWIX
  RAMGS12               00018000   00001000  00000000  00001000  RWIX
  RAMGS13               00019000   00001000  00000000  00001000  RWIX
  RAMGS14               0001a000   00001000  00000000  00001000  RWIX
  RAMGS15               0001b000   00000ff8  00000000  00000ff8  RWIX
  CPU2TOCPU1RAM         0003f800   00000400  00000000  00000400  RWIX
  CPU1TOCPU2RAM         0003fc00   00000400  00000000  00000400  RWIX
  CANA_MSG_RAM          00049000   00000800  00000000  00000800  RWIX
  CANB_MSG_RAM          0004b000   00000800  00000000  00000800  RWIX


SECTION ALLOCATION MAP

 output                                  attributes/
section   page    origin      length       input sections
--------  ----  ----------  ----------   ----------------
codestart 
*          0    00000000    00000002     
                  00000000    00000002     F2837xD_CodeStartBranch.obj (codestart)

.cinit     0    00000128    0000001e     
                  00000128    0000000b     (.cinit..data.load) [load image, compression = lzss]
                  00000133    00000001     --HOLE-- [fill = 0]
                  00000134    00000006     (__TI_handler_table)
                  0000013a    00000004     (.cinit..bss.load) [load image, compression = zero_init]
                  0000013e    00000008     (__TI_cinit_table)

.reset     0    003fffc0    00000000     DSECT

.stack     1    00000400    00000100     UNINITIALIZED
                  00000400    00000100     --HOLE--

.bss       1    0000abc0    00000078     UNINITIALIZED
                  0000abc0    00000078     main.obj (.bss)

.init_array 
*          0    00000123    00000000     UNINITIALIZED

.const     1    0000a800    000003ae     
                  0000a800    000000d0     main.obj (.const:.string)
                  0000a8d0    000000c2     driverlib_eabi.lib : sysctl.obj (.const:.string)
                  0000a992    000000bc                        : gpio.obj (.const:.string)
                  0000aa4e    00000062                        : cputimer.obj (.const:.string)
                  0000aab0    0000005d                        : adc.obj (.const:.string)
                  0000ab0d    00000001     --HOLE-- [fill = 0]
                  0000ab0e    00000044     spwm.obj (.const:.string)
                  0000ab52    00000043     adc_read.obj (.const:.string)
                  0000ab95    00000001     --HOLE-- [fill = 0]
                  0000ab96    00000013     device.obj (.const:.string)
                  0000aba9    00000001     --HOLE-- [fill = 0]
                  0000abaa    00000004     main.obj (.const)

.data      1    0000ac38    0000002a     UNINITIALIZED
                  0000ac38    00000006     device.obj (.data)
                  0000ac3e    00000002     rts2800_fpu32_eabi.lib : _lock.c.obj (.data:_lock)
                  0000ac40    00000014     main.obj (.data)
                  0000ac54    00000006     main.obj (.data:phaseVoltage_set)
                  0000ac5a    00000006     rts2800_fpu32_eabi.lib : exit.c.obj (.data)
                  0000ac60    00000002                            : _lock.c.obj (.data:_unlock)

.TI.ramfunc 
*          0    00000123    00000004     
                  00000123    00000004     driverlib_eabi.lib : sysctl.obj (.TI.ramfunc)

GETBUFFER 
*          0    0003f800    00000000     DSECT

GETWRITEIDX 
*          0    0003f800    00000000     DSECT

PUTREADIDX 
*          0    0003f800    00000000     DSECT

.text.1    0    00008000    00000800     
                  00008000    000003fc     device.obj (.text)
                  000083fc    00000139     main.obj (.text:retain)
                  00008535    0000011a     spwm.obj (.text)
                  0000864f    00000106     adc_read.obj (.text)
                  00008755    0000008a     driverlib_eabi.lib : sysctl.obj (.text:SysCtl_selectXTAL)
                  000087df    00000021                        : sysctl.obj (.text:CPUTimer_selectClockSource)

.text.2    0    00008800    0000076d     
                  00008800    000000dc     pid.obj (.text)
                  000088dc    00000088     rts2800_fpu32_eabi.lib : fs_div28.asm.obj (.text)
                  00008964    0000006f     driverlib_eabi.lib : adc.obj (.text:ADC_setINLTrim)
                  000089d3    00000068                        : sysctl.obj (.text:SysCtl_getDeviceParametric)
                  00008a3b    00000060                        : adc.obj (.text:ADC_setOffsetTrim)
                  00008a9b    00000052                        : gpio.obj (.text:GPIO_setPadConfig)
                  00008aed    00000051                        : sysctl.obj (.text:SysCtl_getClock)
                  00008b3e    00000048                        : sysctl.obj (.text:SysCtl_selectOscSource)
                  00008b86    0000003d                        : interrupt.obj (.text:Interrupt_initModule)
                  00008bc3    00000037                        : gpio.obj (.text:GPIO_setControllerCore)
                  00008bfa    00000037                        : gpio.obj (.text:GPIO_setPinConfig)
                  00008c31    00000037                        : gpio.obj (.text:GPIO_setQualificationMode)
                  00008c68    00000037                        : interrupt.obj (.text:Interrupt_enable)
                  00008c9f    00000031                        : gpio.obj (.text:GPIO_setDirectionMode)
                  00008cd0    00000030     rts2800_fpu32_eabi.lib : copy_decompress_lzss.c.obj (.text:decompress:lzss)
                  00008d00    0000002f     driverlib_eabi.lib : adc.obj (.text:ADC_setMode)
                  00008d2f    0000002b     rts2800_fpu32_eabi.lib : autoinit.c.obj (.text:__TI_auto_init_nobinit_nopinit)
                  00008d5a    00000029                            : exit.c.obj (.text)
                  00008d83    0000001f     driverlib_eabi.lib : sysctl.obj (.text:CPUTimer_getTimerOverflowStatus)
                  00008da2    0000001e                        : interrupt.obj (.text:Interrupt_initVectorTable)
                  00008dc0    0000001d     rts2800_fpu32_eabi.lib : memcpy.c.obj (.text)
                  00008ddd    0000001b     driverlib_eabi.lib : adc.obj (.text:ADC_isBaseValid)
                  00008df8    0000001a                        : sysctl.obj (.text:CPUTimer_startTimer)
                  00008e12    0000001a                        : sysctl.obj (.text:SysCtl_getLowSpeedClock)
                  00008e2c    00000017                        : sysctl.obj (.text:CPUTimer_isBaseValid)
                  00008e43    00000017     rts2800_fpu32_eabi.lib : boot28.asm.obj (.text)
                  00008e5a    00000014     driverlib_eabi.lib : sysctl.obj (.text:CPUTimer_stopTimer)
                  00008e6e    00000013                        : cputimer.obj (.text:CPUTimer_setEmulationMode)
                  00008e81    00000012                        : sysctl.obj (.text:CPUTimer_clearOverflowFlag)
                  00008e93    00000012                        : sysctl.obj (.text:CPUTimer_disableInterrupt)
                  00008ea5    00000011                        : sysctl.obj (.text:CPUTimer_setPeriod)
                  00008eb6    0000000f                        : sysctl.obj (.text:SysCtl_pollCpuTimer)
                  00008ec5    0000000e                        : gpio.obj (.text:GPIO_isPinValid)
                  00008ed3    0000000e                        : interrupt.obj (.text:Interrupt_defaultHandler)
                  00008ee1    0000000d                        : interrupt.obj (.text:Interrupt_disableGlobal)
                  00008eee    0000000d                        : interrupt.obj (.text:Interrupt_enableGlobal)
                  00008efb    0000000d     rts2800_fpu32_eabi.lib : copy_zero_init.c.obj (.text:decompress:ZI:__TI_zero_init_nomemset)
                  00008f08    0000000c                            : args_main.c.obj (.text)
                  00008f14    0000000b     driverlib_eabi.lib : sysctl.obj (.text:SysCtl_isMCDClockFailureDetected)
                  00008f1f    0000000b     main.obj (.text:__relaxed_cosf)
                  00008f2a    0000000b     main.obj (.text:__relaxed_sinf)
                  00008f35    00000009     driverlib_eabi.lib : sysctl.obj (.text:SysCtl_serviceWatchdog)
                  00008f3e    00000009     main.obj (.text:__relaxed_sqrtf)
                  00008f47    00000009     rts2800_fpu32_eabi.lib : _lock.c.obj (.text)
                  00008f50    00000008     F2837xD_CodeStartBranch.obj (.text)
                  00008f58    00000008     rts2800_fpu32_eabi.lib : copy_decompress_none.c.obj (.text:decompress:none)
                  00008f60    00000007     driverlib_eabi.lib : sysctl.obj (.text:SysCtl_resetMCD)
                  00008f67    00000002                        : interrupt.obj (.text:Interrupt_illegalOperationHandler)
                  00008f69    00000002                        : interrupt.obj (.text:Interrupt_nmiHandler)
                  00008f6b    00000002     rts2800_fpu32_eabi.lib : pre_init.c.obj (.text)

.text.3    0    0000b000    00000800     
                  0000b000    000005e2     main.obj (.text)
                  0000b5e2    00000206     driverlib_eabi.lib : sysctl.obj (.text:SysCtl_setClock)
                  0000b7e8    00000017                        : cputimer.obj (.text:CPUTimer_isBaseValid)
                  0000b7ff    00000001     rts2800_fpu32_eabi.lib : startup.c.obj (.text)

MODULE SUMMARY

       Module                        code   ro data   rw data
       ------                        ----   -------   -------
    .\
       main.obj                      1850   212       146    
    +--+-----------------------------+------+---------+---------+
       Total:                        1850   212       146    
                                                             
    .\Components\Algorithm\
       pid.obj                       220    0         0      
    +--+-----------------------------+------+---------+---------+
       Total:                        220    0         0      
                                                             
    .\Components\Driver\
       spwm.obj                      282    68        0      
       adc_read.obj                  262    67        0      
    +--+-----------------------------+------+---------+---------+
       Total:                        544    135       0      
                                                             
    .\device\
       device.obj                    1020   19        6      
       F2837xD_CodeStartBranch.obj   10     0         0      
    +--+-----------------------------+------+---------+---------+
       Total:                        1030   19        6      
                                                             
    C:\ti\c2000\C2000Ware_5_01_00_00\driverlib\f2837xd\driverlib\ccs\Debug\driverlib_eabi.lib
       sysctl.obj                    1171   194       0      
       gpio.obj                      310    188       0      
       adc.obj                       281    93        0      
       interrupt.obj                 190    0         0      
       cputimer.obj                  42     98        0      
    +--+-----------------------------+------+---------+---------+
       Total:                        1994   573       0      
                                                             
    C:\ti\ccs1260\ccs\tools\compiler\ti-cgt-c2000_22.6.1.LTS\lib\rts2800_fpu32_eabi.lib
       fs_div28.asm.obj              136    0         0      
       copy_decompress_lzss.c.obj    48     0         0      
       exit.c.obj                    41     0         6      
       autoinit.c.obj                43     0         0      
       memcpy.c.obj                  29     0         0      
       boot28.asm.obj                23     0         0      
       _lock.c.obj                   9      0         4      
       copy_zero_init.c.obj          13     0         0      
       args_main.c.obj               12     0         0      
       copy_decompress_none.c.obj    8      0         0      
       pre_init.c.obj                2      0         0      
       startup.c.obj                 1      0         0      
    +--+-----------------------------+------+---------+---------+
       Total:                        365    0         10     
                                                             
       Stack:                        0      0         256    
       Linker Generated:             0      29        0      
    +--+-----------------------------+------+---------+---------+
       Grand Total:                  6003   968       418    


LINKER GENERATED COPY TABLES

__TI_cinit_table @ 0000013e records: 2, size/record: 4, table size: 8
	.data: load addr=00000128, load size=0000000b bytes, run addr=0000ac38, run size=0000002a bytes, compression=lzss
	.bss: load addr=0000013a, load size=00000004 bytes, run addr=0000abc0, run size=00000078 bytes, compression=zero_init


LINKER GENERATED HANDLER TABLE

__TI_handler_table @ 00000134 records: 3, size/record: 2, table size: 6
	index: 0, handler: __TI_zero_init
	index: 1, handler: __TI_decompress_lzss
	index: 2, handler: __TI_decompress_none


GLOBAL DATA SYMBOLS: SORTED BY DATA PAGE

address     data page           name
--------    ----------------    ----
00000400      10 (00000400)     __stack

0000abaa     2ae (0000ab80)     speed_set
0000abac     2ae (0000ab80)     current_set_D

0000abc0     2af (0000abc0)     current_set_Q
0000abc2     2af (0000abc0)     current_set_balanceDC
0000abc4     2af (0000abc0)     pidCurrent_Q
0000abe0     2af (0000abc0)     pidCurrent_D

0000ac00     2b0 (0000ac00)     pidSpeed
0000ac1c     2b0 (0000ac00)     pidBalanceDC
0000ac38     2b0 (0000ac00)     Example_Result
0000ac3a     2b0 (0000ac00)     Example_PassCount
0000ac3c     2b0 (0000ac00)     Example_Fail
0000ac3e     2b0 (0000ac00)     _lock

0000ac40     2b1 (0000ac40)     dcVoltage_adc
0000ac41     2b1 (0000ac40)     currA_adc
0000ac42     2b1 (0000ac40)     currB_adc
0000ac44     2b1 (0000ac40)     dcVoltage_1
0000ac46     2b1 (0000ac40)     currA
0000ac48     2b1 (0000ac40)     currB
0000ac4a     2b1 (0000ac40)     real_time0
0000ac4c     2b1 (0000ac40)     cpuTimer0IntCount
0000ac4e     2b1 (0000ac40)     encoder_measure
0000ac50     2b1 (0000ac40)     angle_measure
0000ac52     2b1 (0000ac40)     speed_measure
0000ac54     2b1 (0000ac40)     phaseVoltage_set
0000ac5a     2b1 (0000ac40)     __TI_enable_exit_profile_output
0000ac5c     2b1 (0000ac40)     __TI_cleanup_ptr
0000ac5e     2b1 (0000ac40)     __TI_dtors_ptr
0000ac60     2b1 (0000ac40)     _unlock


GLOBAL SYMBOLS: SORTED ALPHABETICALLY BY Name 

page  address   name                                     
----  -------   ----                                     
0     00008964  ADC_setINLTrim                           
0     00008d00  ADC_setMode                              
0     00008a3b  ADC_setOffsetTrim                        
0     0000873b  ADC_updateReading                        
0     00008d5a  C$$EXIT                                  
0     00008e6e  CPUTimer_setEmulationMode                
0     00008270  Device_bootCPU2                          
0     0000823f  Device_configureTMXAnalogTrim            
0     000080ed  Device_enableAllPeripherals              
0     00008229  Device_enableUnbondedGPIOPullups         
0     0000820c  Device_enableUnbondedGPIOPullupsFor100Pin
0     000081f9  Device_enableUnbondedGPIOPullupsFor176Pin
0     000080ab  Device_init                              
0     000081d8  Device_initGPIO                          
1     0000ac3c  Example_Fail                             
1     0000ac3a  Example_PassCount                        
1     0000ac38  Example_Result                           
0     000083fb  Example_done                             
0     000083f6  Example_setResultFail                    
0     000083f1  Example_setResultPass                    
0     00008bc3  GPIO_setControllerCore                   
0     00008c9f  GPIO_setDirectionMode                    
0     00008a9b  GPIO_setPadConfig                        
0     00008bfa  GPIO_setPinConfig                        
0     00008c31  GPIO_setQualificationMode                
0     00008c68  Interrupt_enable                         
0     00008b86  Interrupt_initModule                     
0     00008da2  Interrupt_initVectorTable                
0     00008800  PIDController_Init                       
0     0000882a  PIDController_Update                     
0     0000b434  PIDParameters_Init                       
0     0000856a  SPWM_initGPIOs                           
0     00000123  SysCtl_delay                             
0     00008aed  SysCtl_getClock                          
0     000089d3  SysCtl_getDeviceParametric               
0     00008e12  SysCtl_getLowSpeedClock                  
0     00008b3e  SysCtl_selectOscSource                   
0     00008755  SysCtl_selectXTAL                        
0     0000b5e2  SysCtl_setClock                          
0     000083fc  TIMER0ISR                                
0     0000013e  __TI_CINIT_Base                          
0     00000146  __TI_CINIT_Limit                         
0     00000146  __TI_CINIT_Warm                          
0     00000134  __TI_Handler_Table_Base                  
0     0000013a  __TI_Handler_Table_Limit                 
1     00000500  __TI_STACK_END                           
abs   00000100  __TI_STACK_SIZE                          
0     00008d2f  __TI_auto_init_nobinit_nopinit           
1     0000ac5c  __TI_cleanup_ptr                         
0     00008cd0  __TI_decompress_lzss                     
0     00008f58  __TI_decompress_none                     
1     0000ac5e  __TI_dtors_ptr                           
1     0000ac5a  __TI_enable_exit_profile_output          
abs   ffffffff  __TI_pprof_out_hndl                      
abs   ffffffff  __TI_prof_data_size                      
abs   ffffffff  __TI_prof_data_start                     
0     00008efb  __TI_zero_init_nomemset                  
0     000088dc  __c28xabi_divf                           
n/a   UNDEFED   __c_args__                               
0     000083ea  __error__                                
0     00008f1f  __relaxed_cosf                           
0     00008f2a  __relaxed_sinf                           
0     00008f3e  __relaxed_sqrtf                          
1     00000400  __stack                                  
0     00008f08  _args_main                               
0     00008e43  _c_int00                                 
1     0000ac3e  _lock                                    
0     00008f4f  _nop                                     
0     00008f4b  _register_lock                           
0     00008f47  _register_unlock                         
0     0000b7ff  _system_post_cinit                       
0     00008f6b  _system_pre_init                         
1     0000ac60  _unlock                                  
0     00008d5a  abort                                    
1     0000ac50  angle_measure                            
0     00000000  code_start                               
0     0000b407  configCPUTimers                          
1     0000ac4c  cpuTimer0IntCount                        
1     0000ac46  currA                                    
1     0000ac41  currA_adc                                
1     0000ac48  currB                                    
1     0000ac42  currB_adc                                
0     0000b49f  currentLoopCalc                          
1     0000abac  current_set_D                            
1     0000abc0  current_set_Q                            
1     0000abc2  current_set_balanceDC                    
1     0000ac44  dcVoltage_1                              
1     0000ac40  dcVoltage_adc                            
1     0000ac4e  encoder_measure                          
0     000084fc  epwm1ISR                                 
0     00008d5c  exit                                     
0     0000871a  initADCSOCs                              
0     000086e7  initADCs                                 
0     0000b39f  initCPUTimers                            
0     0000b3bb  initEPWM                                 
0     0000b327  main                                     
0     00008dc0  memcpy                                   
1     0000ac54  phaseVoltage_set                         
1     0000ac1c  pidBalanceDC                             
1     0000abe0  pidCurrent_D                             
1     0000abc4  pidCurrent_Q                             
1     0000ac00  pidSpeed                                 
1     0000ac4a  real_time0                               
1     0000ac52  speed_measure                            
1     0000abaa  speed_set                                
0     0000b5cd  testGPIOPin_Init                         


GLOBAL SYMBOLS: SORTED BY Symbol Address 

page  address   name                                     
----  -------   ----                                     
0     00000000  code_start                               
0     00000123  SysCtl_delay                             
0     00000134  __TI_Handler_Table_Base                  
0     0000013a  __TI_Handler_Table_Limit                 
0     0000013e  __TI_CINIT_Base                          
0     00000146  __TI_CINIT_Limit                         
0     00000146  __TI_CINIT_Warm                          
0     000080ab  Device_init                              
0     000080ed  Device_enableAllPeripherals              
0     000081d8  Device_initGPIO                          
0     000081f9  Device_enableUnbondedGPIOPullupsFor176Pin
0     0000820c  Device_enableUnbondedGPIOPullupsFor100Pin
0     00008229  Device_enableUnbondedGPIOPullups         
0     0000823f  Device_configureTMXAnalogTrim            
0     00008270  Device_bootCPU2                          
0     000083ea  __error__                                
0     000083f1  Example_setResultPass                    
0     000083f6  Example_setResultFail                    
0     000083fb  Example_done                             
0     000083fc  TIMER0ISR                                
0     000084fc  epwm1ISR                                 
0     0000856a  SPWM_initGPIOs                           
0     000086e7  initADCs                                 
0     0000871a  initADCSOCs                              
0     0000873b  ADC_updateReading                        
0     00008755  SysCtl_selectXTAL                        
0     00008800  PIDController_Init                       
0     0000882a  PIDController_Update                     
0     000088dc  __c28xabi_divf                           
0     00008964  ADC_setINLTrim                           
0     000089d3  SysCtl_getDeviceParametric               
0     00008a3b  ADC_setOffsetTrim                        
0     00008a9b  GPIO_setPadConfig                        
0     00008aed  SysCtl_getClock                          
0     00008b3e  SysCtl_selectOscSource                   
0     00008b86  Interrupt_initModule                     
0     00008bc3  GPIO_setControllerCore                   
0     00008bfa  GPIO_setPinConfig                        
0     00008c31  GPIO_setQualificationMode                
0     00008c68  Interrupt_enable                         
0     00008c9f  GPIO_setDirectionMode                    
0     00008cd0  __TI_decompress_lzss                     
0     00008d00  ADC_setMode                              
0     00008d2f  __TI_auto_init_nobinit_nopinit           
0     00008d5a  C$$EXIT                                  
0     00008d5a  abort                                    
0     00008d5c  exit                                     
0     00008da2  Interrupt_initVectorTable                
0     00008dc0  memcpy                                   
0     00008e12  SysCtl_getLowSpeedClock                  
0     00008e43  _c_int00                                 
0     00008e6e  CPUTimer_setEmulationMode                
0     00008efb  __TI_zero_init_nomemset                  
0     00008f08  _args_main                               
0     00008f1f  __relaxed_cosf                           
0     00008f2a  __relaxed_sinf                           
0     00008f3e  __relaxed_sqrtf                          
0     00008f47  _register_unlock                         
0     00008f4b  _register_lock                           
0     00008f4f  _nop                                     
0     00008f58  __TI_decompress_none                     
0     00008f6b  _system_pre_init                         
0     0000b327  main                                     
0     0000b39f  initCPUTimers                            
0     0000b3bb  initEPWM                                 
0     0000b407  configCPUTimers                          
0     0000b434  PIDParameters_Init                       
0     0000b49f  currentLoopCalc                          
0     0000b5cd  testGPIOPin_Init                         
0     0000b5e2  SysCtl_setClock                          
0     0000b7ff  _system_post_cinit                       
1     00000400  __stack                                  
1     00000500  __TI_STACK_END                           
1     0000abaa  speed_set                                
1     0000abac  current_set_D                            
1     0000abc0  current_set_Q                            
1     0000abc2  current_set_balanceDC                    
1     0000abc4  pidCurrent_Q                             
1     0000abe0  pidCurrent_D                             
1     0000ac00  pidSpeed                                 
1     0000ac1c  pidBalanceDC                             
1     0000ac38  Example_Result                           
1     0000ac3a  Example_PassCount                        
1     0000ac3c  Example_Fail                             
1     0000ac3e  _lock                                    
1     0000ac40  dcVoltage_adc                            
1     0000ac41  currA_adc                                
1     0000ac42  currB_adc                                
1     0000ac44  dcVoltage_1                              
1     0000ac46  currA                                    
1     0000ac48  currB                                    
1     0000ac4a  real_time0                               
1     0000ac4c  cpuTimer0IntCount                        
1     0000ac4e  encoder_measure                          
1     0000ac50  angle_measure                            
1     0000ac52  speed_measure                            
1     0000ac54  phaseVoltage_set                         
1     0000ac5a  __TI_enable_exit_profile_output          
1     0000ac5c  __TI_cleanup_ptr                         
1     0000ac5e  __TI_dtors_ptr                           
1     0000ac60  _unlock                                  
abs   00000100  __TI_STACK_SIZE                          
abs   ffffffff  __TI_pprof_out_hndl                      
abs   ffffffff  __TI_prof_data_size                      
abs   ffffffff  __TI_prof_data_start                     
n/a   UNDEFED   __c_args__                               

[106 symbols]
