******************************************************************************
             TMS320C2000 Linker PC v22.6.1                     
******************************************************************************
>> Linked Mon Apr 15 22:32:21 2024

OUTPUT FILE NAME:   <F28379D_FOC.out>
ENTRY POINT SYMBOL: "code_start"  address: 00000000


MEMORY CONFIGURATION

         name            origin    length      used     unused   attr    fill
----------------------  --------  ---------  --------  --------  ----  --------
PAGE 0:
  BEGIN                 00000000   00000002  00000002  00000000  RWIX
  RAMM0                 00000123   000002dd  00000022  000002bb  RWIX
  RAMLS0                00008000   00000800  00000800  00000000  RWIX
  RAMLS1                00008800   00000800  0000029e  00000562  RWIX
  RAMLS2                00009000   00000800  00000000  00000800  RWIX
  RAMLS3                00009800   00000800  00000000  00000800  RWIX
  RAMLS4                0000a000   00000800  00000000  00000800  RWIX
  RAMD0                 0000b000   00000800  00000800  00000000  RWIX
  FLASHA                00080002   00001ffe  00000000  00001ffe  RWIX
  FLASHB                00082000   00002000  00000000  00002000  RWIX
  FLASHC                00084000   00002000  00000000  00002000  RWIX
  FLASHD                00086000   00002000  00000000  00002000  RWIX
  FLASHE                00088000   00008000  00000000  00008000  RWIX
  FLASHF                00090000   00008000  00000000  00008000  RWIX
  FLASHG                00098000   00008000  00000000  00008000  RWIX
  FLASHH                000a0000   00008000  00000000  00008000  RWIX
  FLASHI                000a8000   00008000  00000000  00008000  RWIX
  FLASHJ                000b0000   00008000  00000000  00008000  RWIX
  FLASHK                000b8000   00002000  00000000  00002000  RWIX
  FLASHL                000ba000   00002000  00000000  00002000  RWIX
  FLASHM                000bc000   00002000  00000000  00002000  RWIX
  FLASHN                000be000   00001ff0  00000000  00001ff0  RWIX
  RESET                 003fffc0   00000002  00000000  00000002  RWIX

PAGE 1:
  BOOT_RSVD             00000002   00000121  00000000  00000121  RWIX
  RAMM1                 00000400   000003f8  00000100  000002f8  RWIX
  RAMLS5                0000a800   00000800  00000347  000004b9  RWIX
  RAMD1                 0000b800   00000800  00000000  00000800  RWIX
  RAMGS0                0000c000   00001000  00000000  00001000  RWIX
  RAMGS1                0000d000   00001000  00000000  00001000  RWIX
  RAMGS2                0000e000   00001000  00000000  00001000  RWIX
  RAMGS3                0000f000   00001000  00000000  00001000  RWIX
  RAMGS4                00010000   00001000  00000000  00001000  RWIX
  RAMGS5                00011000   00001000  00000000  00001000  RWIX
  RAMGS6                00012000   00001000  00000000  00001000  RWIX
  RAMGS7                00013000   00001000  00000000  00001000  RWIX
  RAMGS8                00014000   00001000  00000000  00001000  RWIX
  RAMGS9                00015000   00001000  00000000  00001000  RWIX
  RAMGS10               00016000   00001000  00000000  00001000  RWIX
  RAMGS11               00017000   00001000  00000000  00001000  RWIX
  RAMGS12               00018000   00001000  00000000  00001000  RWIX
  RAMGS13               00019000   00001000  00000000  00001000  RWIX
  RAMGS14               0001a000   00001000  00000000  00001000  RWIX
  RAMGS15               0001b000   00000ff8  00000000  00000ff8  RWIX
  CPU2TOCPU1RAM         0003f800   00000400  00000000  00000400  RWIX
  CPU1TOCPU2RAM         0003fc00   00000400  00000000  00000400  RWIX
  CANA_MSG_RAM          00049000   00000800  00000000  00000800  RWIX
  CANB_MSG_RAM          0004b000   00000800  00000000  00000800  RWIX


SECTION ALLOCATION MAP

 output                                  attributes/
section   page    origin      length       input sections
--------  ----  ----------  ----------   ----------------
codestart 
*          0    00000000    00000002     
                  00000000    00000002     F2837xD_CodeStartBranch.obj (codestart)

.cinit     0    00000128    0000001e     
                  00000128    0000000b     (.cinit..data.load) [load image, compression = lzss]
                  00000133    00000001     --HOLE-- [fill = 0]
                  00000134    00000006     (__TI_handler_table)
                  0000013a    00000004     (.cinit..bss.load) [load image, compression = zero_init]
                  0000013e    00000008     (__TI_cinit_table)

.reset     0    003fffc0    00000000     DSECT

.stack     1    00000400    00000100     UNINITIALIZED
                  00000400    00000100     --HOLE--

.bss       1    0000ab44    00000004     UNINITIALIZED
                  0000ab44    00000004     main.obj (.bss)

.init_array 
*          0    00000123    00000000     UNINITIALIZED

.const     1    0000a800    00000321     
                  0000a800    000000c2     driverlib_eabi.lib : sysctl.obj (.const:.string)
                  0000a8c2    000000bc                        : gpio.obj (.const:.string)
                  0000a97e    00000062                        : cputimer.obj (.const:.string)
                  0000a9e0    0000005d                        : adc.obj (.const:.string)
                  0000aa3d    00000001     --HOLE-- [fill = 0]
                  0000aa3e    00000048     main.obj (.const:.string)
                  0000aa86    00000044     spwm.obj (.const:.string)
                  0000aaca    00000043     adc_read.obj (.const:.string)
                  0000ab0d    00000001     --HOLE-- [fill = 0]
                  0000ab0e    00000013     device.obj (.const:.string)

.data      1    0000ab22    00000022     UNINITIALIZED
                  0000ab22    00000008     main.obj (.data)
                  0000ab2a    00000006     device.obj (.data)
                  0000ab30    00000006     rts2800_fpu32_eabi.lib : exit.c.obj (.data)
                  0000ab36    00000006     main.obj (.data:sinWave)
                  0000ab3c    00000004     main.obj (.data:adcResult)
                  0000ab40    00000002     rts2800_fpu32_eabi.lib : _lock.c.obj (.data:_lock)
                  0000ab42    00000002                            : _lock.c.obj (.data:_unlock)

.TI.ramfunc 
*          0    00000123    00000004     
                  00000123    00000004     driverlib_eabi.lib : sysctl.obj (.TI.ramfunc)

GETBUFFER 
*          0    0003f800    00000000     DSECT

GETWRITEIDX 
*          0    0003f800    00000000     DSECT

PUTREADIDX 
*          0    0003f800    00000000     DSECT

.text.1    0    00008000    00000800     
                  00008000    00000206     driverlib_eabi.lib : sysctl.obj (.text:SysCtl_setClock)
                  00008206    00000105     adc_read.obj (.text)
                  0000830b    000000de     main.obj (.text:retain)
                  000083e9    00000088     rts2800_fpu32_eabi.lib : fs_div28.asm.obj (.text)
                  00008471    0000006f     driverlib_eabi.lib : adc.obj (.text:ADC_setINLTrim)
                  000084e0    00000068                        : sysctl.obj (.text:SysCtl_getDeviceParametric)
                  00008548    00000060                        : adc.obj (.text:ADC_setOffsetTrim)
                  000085a8    00000052                        : gpio.obj (.text:GPIO_setPadConfig)
                  000085fa    00000051                        : sysctl.obj (.text:SysCtl_getClock)
                  0000864b    00000048                        : sysctl.obj (.text:SysCtl_selectOscSource)
                  00008693    0000003d                        : interrupt.obj (.text:Interrupt_initModule)
                  000086d0    00000037                        : gpio.obj (.text:GPIO_setControllerCore)
                  00008707    00000037                        : gpio.obj (.text:GPIO_setPinConfig)
                  0000873e    00000037                        : gpio.obj (.text:GPIO_setQualificationMode)
                  00008775    00000037                        : interrupt.obj (.text:Interrupt_enable)
                  000087ac    00000031                        : gpio.obj (.text:GPIO_setDirectionMode)
                  000087dd    00000021                        : sysctl.obj (.text:CPUTimer_selectClockSource)
                  000087fe    00000002                        : interrupt.obj (.text:Interrupt_illegalOperationHandler)

.text.2    0    00008800    0000029e     
                  00008800    00000030     rts2800_fpu32_eabi.lib : copy_decompress_lzss.c.obj (.text:decompress:lzss)
                  00008830    0000002f     driverlib_eabi.lib : adc.obj (.text:ADC_setMode)
                  0000885f    0000002b     rts2800_fpu32_eabi.lib : autoinit.c.obj (.text:__TI_auto_init_nobinit_nopinit)
                  0000888a    00000029                            : exit.c.obj (.text)
                  000088b3    0000001f     driverlib_eabi.lib : sysctl.obj (.text:CPUTimer_getTimerOverflowStatus)
                  000088d2    0000001e                        : interrupt.obj (.text:Interrupt_initVectorTable)
                  000088f0    0000001d     rts2800_fpu32_eabi.lib : memcpy.c.obj (.text)
                  0000890d    0000001b     driverlib_eabi.lib : adc.obj (.text:ADC_isBaseValid)
                  00008928    0000001a                        : sysctl.obj (.text:CPUTimer_startTimer)
                  00008942    0000001a                        : sysctl.obj (.text:SysCtl_getLowSpeedClock)
                  0000895c    00000017                        : cputimer.obj (.text:CPUTimer_isBaseValid)
                  00008973    00000017                        : sysctl.obj (.text:CPUTimer_isBaseValid)
                  0000898a    00000017     rts2800_fpu32_eabi.lib : boot28.asm.obj (.text)
                  000089a1    00000014     driverlib_eabi.lib : sysctl.obj (.text:CPUTimer_stopTimer)
                  000089b5    00000013                        : cputimer.obj (.text:CPUTimer_setEmulationMode)
                  000089c8    00000012                        : sysctl.obj (.text:CPUTimer_clearOverflowFlag)
                  000089da    00000012                        : sysctl.obj (.text:CPUTimer_disableInterrupt)
                  000089ec    00000011                        : sysctl.obj (.text:CPUTimer_setPeriod)
                  000089fd    0000000f                        : sysctl.obj (.text:SysCtl_pollCpuTimer)
                  00008a0c    0000000e                        : gpio.obj (.text:GPIO_isPinValid)
                  00008a1a    0000000e                        : interrupt.obj (.text:Interrupt_defaultHandler)
                  00008a28    0000000d                        : interrupt.obj (.text:Interrupt_disableGlobal)
                  00008a35    0000000d                        : interrupt.obj (.text:Interrupt_enableGlobal)
                  00008a42    0000000d     rts2800_fpu32_eabi.lib : copy_zero_init.c.obj (.text:decompress:ZI:__TI_zero_init_nomemset)
                  00008a4f    0000000c                            : args_main.c.obj (.text)
                  00008a5b    0000000b     driverlib_eabi.lib : sysctl.obj (.text:SysCtl_isMCDClockFailureDetected)
                  00008a66    0000000b     main.obj (.text:__relaxed_sinf)
                  00008a71    00000009     driverlib_eabi.lib : sysctl.obj (.text:SysCtl_serviceWatchdog)
                  00008a7a    00000009     rts2800_fpu32_eabi.lib : _lock.c.obj (.text)
                  00008a83    00000008     F2837xD_CodeStartBranch.obj (.text)
                  00008a8b    00000008     rts2800_fpu32_eabi.lib : copy_decompress_none.c.obj (.text:decompress:none)
                  00008a93    00000007     driverlib_eabi.lib : sysctl.obj (.text:SysCtl_resetMCD)
                  00008a9a    00000002                        : interrupt.obj (.text:Interrupt_nmiHandler)
                  00008a9c    00000002     rts2800_fpu32_eabi.lib : pre_init.c.obj (.text)

.text.3    0    0000b000    00000800     
                  0000b000    000003fc     device.obj (.text)
                  0000b3fc    00000225     spwm.obj (.text)
                  0000b621    00000154     main.obj (.text)
                  0000b775    0000008a     driverlib_eabi.lib : sysctl.obj (.text:SysCtl_selectXTAL)
                  0000b7ff    00000001     rts2800_fpu32_eabi.lib : startup.c.obj (.text)

MODULE SUMMARY

       Module                        code   ro data   rw data
       ------                        ----   -------   -------
    .\
       main.obj                      573    72        22     
    +--+-----------------------------+------+---------+---------+
       Total:                        573    72        22     
                                                             
    .\Components\Driver\
       spwm.obj                      549    68        0      
       adc_read.obj                  261    67        0      
    +--+-----------------------------+------+---------+---------+
       Total:                        810    135       0      
                                                             
    .\device\
       device.obj                    1020   19        6      
       F2837xD_CodeStartBranch.obj   10     0         0      
    +--+-----------------------------+------+---------+---------+
       Total:                        1030   19        6      
                                                             
    C:\ti\c2000\C2000Ware_5_01_00_00\driverlib\f2837xd\driverlib\ccs\Debug\driverlib_eabi.lib
       sysctl.obj                    1171   194       0      
       gpio.obj                      310    188       0      
       adc.obj                       281    93        0      
       interrupt.obj                 190    0         0      
       cputimer.obj                  42     98        0      
    +--+-----------------------------+------+---------+---------+
       Total:                        1994   573       0      
                                                             
    C:\ti\ccs1260\ccs\tools\compiler\ti-cgt-c2000_22.6.1.LTS\lib\rts2800_fpu32_eabi.lib
       fs_div28.asm.obj              136    0         0      
       copy_decompress_lzss.c.obj    48     0         0      
       exit.c.obj                    41     0         6      
       autoinit.c.obj                43     0         0      
       memcpy.c.obj                  29     0         0      
       boot28.asm.obj                23     0         0      
       _lock.c.obj                   9      0         4      
       copy_zero_init.c.obj          13     0         0      
       args_main.c.obj               12     0         0      
       copy_decompress_none.c.obj    8      0         0      
       pre_init.c.obj                2      0         0      
       startup.c.obj                 1      0         0      
    +--+-----------------------------+------+---------+---------+
       Total:                        365    0         10     
                                                             
       Stack:                        0      0         256    
       Linker Generated:             0      29        0      
    +--+-----------------------------+------+---------+---------+
       Grand Total:                  4772   828       294    


LINKER GENERATED COPY TABLES

__TI_cinit_table @ 0000013e records: 2, size/record: 4, table size: 8
	.data: load addr=00000128, load size=0000000b bytes, run addr=0000ab22, run size=00000022 bytes, compression=lzss
	.bss: load addr=0000013a, load size=00000004 bytes, run addr=0000ab44, run size=00000004 bytes, compression=zero_init


LINKER GENERATED HANDLER TABLE

__TI_handler_table @ 00000134 records: 3, size/record: 2, table size: 6
	index: 0, handler: __TI_zero_init
	index: 1, handler: __TI_decompress_lzss
	index: 2, handler: __TI_decompress_none


GLOBAL DATA SYMBOLS: SORTED BY DATA PAGE

address     data page           name
--------    ----------------    ----
00000400      10 (00000400)     __stack

0000ab22     2ac (0000ab00)     timer1Flag
0000ab24     2ac (0000ab00)     real_time0
0000ab26     2ac (0000ab00)     cpuTimer0IntCount
0000ab28     2ac (0000ab00)     cpuTimer1IntCount
0000ab2a     2ac (0000ab00)     Example_Result
0000ab2c     2ac (0000ab00)     Example_PassCount
0000ab2e     2ac (0000ab00)     Example_Fail
0000ab30     2ac (0000ab00)     __TI_enable_exit_profile_output
0000ab32     2ac (0000ab00)     __TI_cleanup_ptr
0000ab34     2ac (0000ab00)     __TI_dtors_ptr
0000ab36     2ac (0000ab00)     sinWave
0000ab3c     2ac (0000ab00)     adcResult

0000ab40     2ad (0000ab40)     _lock
0000ab42     2ad (0000ab40)     _unlock
0000ab44     2ad (0000ab40)     sawtooth_upper
0000ab46     2ad (0000ab40)     sawtooth_lower


GLOBAL SYMBOLS: SORTED ALPHABETICALLY BY Name 

page  address   name                                     
----  -------   ----                                     
0     00008471  ADC_setINLTrim                           
0     00008830  ADC_setMode                              
0     00008548  ADC_setOffsetTrim                        
0     000082f2  ADC_updateReading                        
0     0000888a  C$$EXIT                                  
0     000089b5  CPUTimer_setEmulationMode                
0     0000b270  Device_bootCPU2                          
0     0000b23f  Device_configureTMXAnalogTrim            
0     0000b0ed  Device_enableAllPeripherals              
0     0000b229  Device_enableUnbondedGPIOPullups         
0     0000b20c  Device_enableUnbondedGPIOPullupsFor100Pin
0     0000b1f9  Device_enableUnbondedGPIOPullupsFor176Pin
0     0000b0ab  Device_init                              
0     0000b1d8  Device_initGPIO                          
1     0000ab2e  Example_Fail                             
1     0000ab2c  Example_PassCount                        
1     0000ab2a  Example_Result                           
0     0000b3fb  Example_done                             
0     0000b3f6  Example_setResultFail                    
0     0000b3f1  Example_setResultPass                    
0     000086d0  GPIO_setControllerCore                   
0     000087ac  GPIO_setDirectionMode                    
0     000085a8  GPIO_setPadConfig                        
0     00008707  GPIO_setPinConfig                        
0     0000873e  GPIO_setQualificationMode                
0     00008775  Interrupt_enable                         
0     00008693  Interrupt_initModule                     
0     000088d2  Interrupt_initVectorTable                
0     0000b516  SPWM_generate_3level                     
0     0000b431  SPWM_initGPIOs                           
0     00000123  SysCtl_delay                             
0     000085fa  SysCtl_getClock                          
0     000084e0  SysCtl_getDeviceParametric               
0     00008942  SysCtl_getLowSpeedClock                  
0     0000864b  SysCtl_selectOscSource                   
0     0000b775  SysCtl_selectXTAL                        
0     00008000  SysCtl_setClock                          
0     0000830b  TIMER0ISR                                
0     0000838c  TIMER1ISR                                
0     0000013e  __TI_CINIT_Base                          
0     00000146  __TI_CINIT_Limit                         
0     00000146  __TI_CINIT_Warm                          
0     00000134  __TI_Handler_Table_Base                  
0     0000013a  __TI_Handler_Table_Limit                 
1     00000500  __TI_STACK_END                           
abs   00000100  __TI_STACK_SIZE                          
0     0000885f  __TI_auto_init_nobinit_nopinit           
1     0000ab32  __TI_cleanup_ptr                         
0     00008800  __TI_decompress_lzss                     
0     00008a8b  __TI_decompress_none                     
1     0000ab34  __TI_dtors_ptr                           
1     0000ab30  __TI_enable_exit_profile_output          
abs   ffffffff  __TI_pprof_out_hndl                      
abs   ffffffff  __TI_prof_data_size                      
abs   ffffffff  __TI_prof_data_start                     
0     00008a42  __TI_zero_init_nomemset                  
0     000083e9  __c28xabi_divf                           
n/a   UNDEFED   __c_args__                               
0     0000b3ea  __error__                                
0     00008a66  __relaxed_sinf                           
1     00000400  __stack                                  
0     00008a4f  _args_main                               
0     0000898a  _c_int00                                 
1     0000ab40  _lock                                    
0     00008a82  _nop                                     
0     00008a7e  _register_lock                           
0     00008a7a  _register_unlock                         
0     0000b7ff  _system_post_cinit                       
0     00008a9c  _system_pre_init                         
1     0000ab42  _unlock                                  
0     0000888a  abort                                    
1     0000ab3c  adcResult                                
0     00000000  code_start                               
0     0000b748  configCPUTimers                          
1     0000ab26  cpuTimer0IntCount                        
1     0000ab28  cpuTimer1IntCount                        
0     0000888c  exit                                     
0     000082d1  initADCSOCs                              
0     0000829e  initADCs                                 
0     0000b721  initCPUTimers                            
0     0000b6cc  main                                     
0     000088f0  memcpy                                   
1     0000ab24  real_time0                               
1     0000ab46  sawtooth_lower                           
1     0000ab44  sawtooth_upper                           
1     0000ab36  sinWave                                  
1     0000ab22  timer1Flag                               


GLOBAL SYMBOLS: SORTED BY Symbol Address 

page  address   name                                     
----  -------   ----                                     
0     00000000  code_start                               
0     00000123  SysCtl_delay                             
0     00000134  __TI_Handler_Table_Base                  
0     0000013a  __TI_Handler_Table_Limit                 
0     0000013e  __TI_CINIT_Base                          
0     00000146  __TI_CINIT_Limit                         
0     00000146  __TI_CINIT_Warm                          
0     00008000  SysCtl_setClock                          
0     0000829e  initADCs                                 
0     000082d1  initADCSOCs                              
0     000082f2  ADC_updateReading                        
0     0000830b  TIMER0ISR                                
0     0000838c  TIMER1ISR                                
0     000083e9  __c28xabi_divf                           
0     00008471  ADC_setINLTrim                           
0     000084e0  SysCtl_getDeviceParametric               
0     00008548  ADC_setOffsetTrim                        
0     000085a8  GPIO_setPadConfig                        
0     000085fa  SysCtl_getClock                          
0     0000864b  SysCtl_selectOscSource                   
0     00008693  Interrupt_initModule                     
0     000086d0  GPIO_setControllerCore                   
0     00008707  GPIO_setPinConfig                        
0     0000873e  GPIO_setQualificationMode                
0     00008775  Interrupt_enable                         
0     000087ac  GPIO_setDirectionMode                    
0     00008800  __TI_decompress_lzss                     
0     00008830  ADC_setMode                              
0     0000885f  __TI_auto_init_nobinit_nopinit           
0     0000888a  C$$EXIT                                  
0     0000888a  abort                                    
0     0000888c  exit                                     
0     000088d2  Interrupt_initVectorTable                
0     000088f0  memcpy                                   
0     00008942  SysCtl_getLowSpeedClock                  
0     0000898a  _c_int00                                 
0     000089b5  CPUTimer_setEmulationMode                
0     00008a42  __TI_zero_init_nomemset                  
0     00008a4f  _args_main                               
0     00008a66  __relaxed_sinf                           
0     00008a7a  _register_unlock                         
0     00008a7e  _register_lock                           
0     00008a82  _nop                                     
0     00008a8b  __TI_decompress_none                     
0     00008a9c  _system_pre_init                         
0     0000b0ab  Device_init                              
0     0000b0ed  Device_enableAllPeripherals              
0     0000b1d8  Device_initGPIO                          
0     0000b1f9  Device_enableUnbondedGPIOPullupsFor176Pin
0     0000b20c  Device_enableUnbondedGPIOPullupsFor100Pin
0     0000b229  Device_enableUnbondedGPIOPullups         
0     0000b23f  Device_configureTMXAnalogTrim            
0     0000b270  Device_bootCPU2                          
0     0000b3ea  __error__                                
0     0000b3f1  Example_setResultPass                    
0     0000b3f6  Example_setResultFail                    
0     0000b3fb  Example_done                             
0     0000b431  SPWM_initGPIOs                           
0     0000b516  SPWM_generate_3level                     
0     0000b6cc  main                                     
0     0000b721  initCPUTimers                            
0     0000b748  configCPUTimers                          
0     0000b775  SysCtl_selectXTAL                        
0     0000b7ff  _system_post_cinit                       
1     00000400  __stack                                  
1     00000500  __TI_STACK_END                           
1     0000ab22  timer1Flag                               
1     0000ab24  real_time0                               
1     0000ab26  cpuTimer0IntCount                        
1     0000ab28  cpuTimer1IntCount                        
1     0000ab2a  Example_Result                           
1     0000ab2c  Example_PassCount                        
1     0000ab2e  Example_Fail                             
1     0000ab30  __TI_enable_exit_profile_output          
1     0000ab32  __TI_cleanup_ptr                         
1     0000ab34  __TI_dtors_ptr                           
1     0000ab36  sinWave                                  
1     0000ab3c  adcResult                                
1     0000ab40  _lock                                    
1     0000ab42  _unlock                                  
1     0000ab44  sawtooth_upper                           
1     0000ab46  sawtooth_lower                           
abs   00000100  __TI_STACK_SIZE                          
abs   ffffffff  __TI_pprof_out_hndl                      
abs   ffffffff  __TI_prof_data_size                      
abs   ffffffff  __TI_prof_data_start                     
n/a   UNDEFED   __c_args__                               

[87 symbols]
