<?xml version="1.0" encoding="ISO-8859-1" ?>
<link_info>
   <banner>TMS320C2000 Linker PC v22.6.1.LTS</banner>
   <copyright>Copyright (c) 1996-2018 Texas Instruments Incorporated</copyright>
   <link_time>0x661ea5e9</link_time>
   <link_errors>0x0</link_errors>
   <output_file>F28379D_FOC.out</output_file>
   <entry_point>
      <name>code_start</name>
      <address>0x0</address>
   </entry_point>
   <input_file_list>
      <input_file id="fl-2">
         <path>.\</path>
         <kind>object</kind>
         <file>main.obj</file>
         <name>main.obj</name>
      </input_file>
      <input_file id="fl-3">
         <path>.\Components\Algorithm\</path>
         <kind>object</kind>
         <file>pid.obj</file>
         <name>pid.obj</name>
      </input_file>
      <input_file id="fl-4">
         <path>.\Components\Driver\</path>
         <kind>object</kind>
         <file>adc_read.obj</file>
         <name>adc_read.obj</name>
      </input_file>
      <input_file id="fl-5">
         <path>.\Components\Driver\</path>
         <kind>object</kind>
         <file>sensor_read.obj</file>
         <name>sensor_read.obj</name>
      </input_file>
      <input_file id="fl-6">
         <path>.\Components\Driver\</path>
         <kind>object</kind>
         <file>spwm.obj</file>
         <name>spwm.obj</name>
      </input_file>
      <input_file id="fl-7">
         <path>.\device\</path>
         <kind>object</kind>
         <file>F2837xD_CodeStartBranch.obj</file>
         <name>F2837xD_CodeStartBranch.obj</name>
      </input_file>
      <input_file id="fl-8">
         <path>.\device\</path>
         <kind>object</kind>
         <file>device.obj</file>
         <name>device.obj</name>
      </input_file>
      <input_file id="fl-d">
         <kind>object</kind>
         <file>&lt;internal&gt;</file>
         <name>&lt;internal&gt;</name>
      </input_file>
      <input_file id="fl-11">
         <path>C:\ti\c2000\C2000Ware_5_01_00_00\driverlib\f2837xd\driverlib\ccs\Debug\</path>
         <kind>archive</kind>
         <file>driverlib_eabi.lib</file>
         <name>adc.obj</name>
      </input_file>
      <input_file id="fl-12">
         <path>C:\ti\c2000\C2000Ware_5_01_00_00\driverlib\f2837xd\driverlib\ccs\Debug\</path>
         <kind>archive</kind>
         <file>driverlib_eabi.lib</file>
         <name>cputimer.obj</name>
      </input_file>
      <input_file id="fl-13">
         <path>C:\ti\c2000\C2000Ware_5_01_00_00\driverlib\f2837xd\driverlib\ccs\Debug\</path>
         <kind>archive</kind>
         <file>driverlib_eabi.lib</file>
         <name>gpio.obj</name>
      </input_file>
      <input_file id="fl-14">
         <path>C:\ti\c2000\C2000Ware_5_01_00_00\driverlib\f2837xd\driverlib\ccs\Debug\</path>
         <kind>archive</kind>
         <file>driverlib_eabi.lib</file>
         <name>interrupt.obj</name>
      </input_file>
      <input_file id="fl-15">
         <path>C:\ti\c2000\C2000Ware_5_01_00_00\driverlib\f2837xd\driverlib\ccs\Debug\</path>
         <kind>archive</kind>
         <file>driverlib_eabi.lib</file>
         <name>sysctl.obj</name>
      </input_file>
      <input_file id="fl-21">
         <path>C:\ti\ccs1260\ccs\tools\compiler\ti-cgt-c2000_22.6.1.LTS\lib\</path>
         <kind>archive</kind>
         <file>rts2800_fpu32_eabi.lib</file>
         <name>boot28.asm.obj</name>
      </input_file>
      <input_file id="fl-22">
         <path>C:\ti\ccs1260\ccs\tools\compiler\ti-cgt-c2000_22.6.1.LTS\lib\</path>
         <kind>archive</kind>
         <file>rts2800_fpu32_eabi.lib</file>
         <name>fs_div28.asm.obj</name>
      </input_file>
      <input_file id="fl-23">
         <path>C:\ti\ccs1260\ccs\tools\compiler\ti-cgt-c2000_22.6.1.LTS\lib\</path>
         <kind>archive</kind>
         <file>rts2800_fpu32_eabi.lib</file>
         <name>ll_cmp28.asm.obj</name>
      </input_file>
      <input_file id="fl-24">
         <path>C:\ti\ccs1260\ccs\tools\compiler\ti-cgt-c2000_22.6.1.LTS\lib\</path>
         <kind>archive</kind>
         <file>rts2800_fpu32_eabi.lib</file>
         <name>pre_init.c.obj</name>
      </input_file>
      <input_file id="fl-25">
         <path>C:\ti\ccs1260\ccs\tools\compiler\ti-cgt-c2000_22.6.1.LTS\lib\</path>
         <kind>archive</kind>
         <file>rts2800_fpu32_eabi.lib</file>
         <name>autoinit.c.obj</name>
      </input_file>
      <input_file id="fl-26">
         <path>C:\ti\ccs1260\ccs\tools\compiler\ti-cgt-c2000_22.6.1.LTS\lib\</path>
         <kind>archive</kind>
         <file>rts2800_fpu32_eabi.lib</file>
         <name>copy_zero_init.c.obj</name>
      </input_file>
      <input_file id="fl-27">
         <path>C:\ti\ccs1260\ccs\tools\compiler\ti-cgt-c2000_22.6.1.LTS\lib\</path>
         <kind>archive</kind>
         <file>rts2800_fpu32_eabi.lib</file>
         <name>copy_decompress_none.c.obj</name>
      </input_file>
      <input_file id="fl-28">
         <path>C:\ti\ccs1260\ccs\tools\compiler\ti-cgt-c2000_22.6.1.LTS\lib\</path>
         <kind>archive</kind>
         <file>rts2800_fpu32_eabi.lib</file>
         <name>copy_decompress_lzss.c.obj</name>
      </input_file>
      <input_file id="fl-29">
         <path>C:\ti\ccs1260\ccs\tools\compiler\ti-cgt-c2000_22.6.1.LTS\lib\</path>
         <kind>archive</kind>
         <file>rts2800_fpu32_eabi.lib</file>
         <name>exit.c.obj</name>
      </input_file>
      <input_file id="fl-2a">
         <path>C:\ti\ccs1260\ccs\tools\compiler\ti-cgt-c2000_22.6.1.LTS\lib\</path>
         <kind>archive</kind>
         <file>rts2800_fpu32_eabi.lib</file>
         <name>_lock.c.obj</name>
      </input_file>
      <input_file id="fl-2b">
         <path>C:\ti\ccs1260\ccs\tools\compiler\ti-cgt-c2000_22.6.1.LTS\lib\</path>
         <kind>archive</kind>
         <file>rts2800_fpu32_eabi.lib</file>
         <name>args_main.c.obj</name>
      </input_file>
      <input_file id="fl-2c">
         <path>C:\ti\ccs1260\ccs\tools\compiler\ti-cgt-c2000_22.6.1.LTS\lib\</path>
         <kind>archive</kind>
         <file>rts2800_fpu32_eabi.lib</file>
         <name>memset.c.obj</name>
      </input_file>
      <input_file id="fl-2d">
         <path>C:\ti\ccs1260\ccs\tools\compiler\ti-cgt-c2000_22.6.1.LTS\lib\</path>
         <kind>archive</kind>
         <file>rts2800_fpu32_eabi.lib</file>
         <name>cpy_tbl.c.obj</name>
      </input_file>
      <input_file id="fl-2e">
         <path>C:\ti\ccs1260\ccs\tools\compiler\ti-cgt-c2000_22.6.1.LTS\lib\</path>
         <kind>archive</kind>
         <file>rts2800_fpu32_eabi.lib</file>
         <name>memcpy.c.obj</name>
      </input_file>
      <input_file id="fl-2f">
         <path>C:\ti\ccs1260\ccs\tools\compiler\ti-cgt-c2000_22.6.1.LTS\lib\</path>
         <kind>archive</kind>
         <file>rts2800_fpu32_eabi.lib</file>
         <name>startup.c.obj</name>
      </input_file>
   </input_file_list>
   <object_component_list>
      <object_component id="oc-2d">
         <name>codestart</name>
         <load_address>0x0</load_address>
         <run_address>0x0</run_address>
         <size>0x2</size>
         <input_file_ref idref="fl-7"/>
      </object_component>
      <object_component id="oc-d9">
         <name>.text:SysCtl_setClock</name>
         <load_address>0x8000</load_address>
         <run_address>0x8000</run_address>
         <size>0x206</size>
         <input_file_ref idref="fl-15"/>
      </object_component>
      <object_component id="oc-64">
         <name>.text</name>
         <load_address>0x8206</load_address>
         <run_address>0x8206</run_address>
         <size>0x105</size>
         <input_file_ref idref="fl-4"/>
      </object_component>
      <object_component id="oc-32">
         <name>.text:retain</name>
         <load_address>0x830b</load_address>
         <run_address>0x830b</run_address>
         <size>0xa2</size>
         <input_file_ref idref="fl-2"/>
      </object_component>
      <object_component id="oc-182">
         <name>.text</name>
         <load_address>0x83ad</load_address>
         <run_address>0x83ad</run_address>
         <size>0x88</size>
         <input_file_ref idref="fl-22"/>
      </object_component>
      <object_component id="oc-14e">
         <name>.text:ADC_setINLTrim</name>
         <load_address>0x8435</load_address>
         <run_address>0x8435</run_address>
         <size>0x6f</size>
         <input_file_ref idref="fl-11"/>
      </object_component>
      <object_component id="oc-d3">
         <name>.text:SysCtl_getDeviceParametric</name>
         <load_address>0x84a4</load_address>
         <run_address>0x84a4</run_address>
         <size>0x68</size>
         <input_file_ref idref="fl-15"/>
      </object_component>
      <object_component id="oc-154">
         <name>.text:ADC_setOffsetTrim</name>
         <load_address>0x850c</load_address>
         <run_address>0x850c</run_address>
         <size>0x60</size>
         <input_file_ref idref="fl-11"/>
      </object_component>
      <object_component id="oc-bf">
         <name>.text:GPIO_setPadConfig</name>
         <load_address>0x856c</load_address>
         <run_address>0x856c</run_address>
         <size>0x52</size>
         <input_file_ref idref="fl-13"/>
      </object_component>
      <object_component id="oc-df">
         <name>.text:SysCtl_getClock</name>
         <load_address>0x85be</load_address>
         <run_address>0x85be</run_address>
         <size>0x51</size>
         <input_file_ref idref="fl-15"/>
      </object_component>
      <object_component id="oc-176">
         <name>.text:SysCtl_selectOscSource</name>
         <load_address>0x860f</load_address>
         <run_address>0x860f</run_address>
         <size>0x48</size>
         <input_file_ref idref="fl-15"/>
      </object_component>
      <object_component id="oc-7a">
         <name>.text:Interrupt_initModule</name>
         <load_address>0x8657</load_address>
         <run_address>0x8657</run_address>
         <size>0x3d</size>
         <input_file_ref idref="fl-14"/>
      </object_component>
      <object_component id="oc-f2">
         <name>.text:GPIO_setControllerCore</name>
         <load_address>0x8694</load_address>
         <run_address>0x8694</run_address>
         <size>0x37</size>
         <input_file_ref idref="fl-13"/>
      </object_component>
      <object_component id="oc-c5">
         <name>.text:GPIO_setPinConfig</name>
         <load_address>0x86cb</load_address>
         <run_address>0x86cb</run_address>
         <size>0x37</size>
         <input_file_ref idref="fl-13"/>
      </object_component>
      <object_component id="oc-ec">
         <name>.text:GPIO_setQualificationMode</name>
         <load_address>0x8702</load_address>
         <run_address>0x8702</run_address>
         <size>0x37</size>
         <input_file_ref idref="fl-13"/>
      </object_component>
      <object_component id="oc-86">
         <name>.text:Interrupt_enable</name>
         <load_address>0x8739</load_address>
         <run_address>0x8739</run_address>
         <size>0x37</size>
         <input_file_ref idref="fl-14"/>
      </object_component>
      <object_component id="oc-cb">
         <name>.text:GPIO_setDirectionMode</name>
         <load_address>0x8770</load_address>
         <run_address>0x8770</run_address>
         <size>0x31</size>
         <input_file_ref idref="fl-13"/>
      </object_component>
      <object_component id="oc-20">
         <name>.text:decompress:lzss</name>
         <load_address>0x87a1</load_address>
         <run_address>0x87a1</run_address>
         <size>0x30</size>
         <input_file_ref idref="fl-28"/>
      </object_component>
      <object_component id="oc-b3">
         <name>.text:ADC_setMode</name>
         <load_address>0x87d1</load_address>
         <run_address>0x87d1</run_address>
         <size>0x2f</size>
         <input_file_ref idref="fl-11"/>
      </object_component>
      <object_component id="oc-1a2">
         <name>.text:__TI_auto_init_nobinit_nopinit</name>
         <load_address>0x8800</load_address>
         <run_address>0x8800</run_address>
         <size>0x2b</size>
         <input_file_ref idref="fl-25"/>
      </object_component>
      <object_component id="oc-140">
         <name>.text</name>
         <load_address>0x882b</load_address>
         <run_address>0x882b</run_address>
         <size>0x29</size>
         <input_file_ref idref="fl-29"/>
      </object_component>
      <object_component id="oc-22e">
         <name>.text:CPUTimer_selectClockSource</name>
         <load_address>0x8854</load_address>
         <run_address>0x8854</run_address>
         <size>0x21</size>
         <input_file_ref idref="fl-15"/>
      </object_component>
      <object_component id="oc-267">
         <name>.text:CPUTimer_getTimerOverflowStatus</name>
         <load_address>0x8875</load_address>
         <run_address>0x8875</run_address>
         <size>0x1f</size>
         <input_file_ref idref="fl-15"/>
      </object_component>
      <object_component id="oc-80">
         <name>.text:Interrupt_initVectorTable</name>
         <load_address>0x8894</load_address>
         <run_address>0x8894</run_address>
         <size>0x1e</size>
         <input_file_ref idref="fl-14"/>
      </object_component>
      <object_component id="oc-41">
         <name>.text</name>
         <load_address>0x88b2</load_address>
         <run_address>0x88b2</run_address>
         <size>0x1d</size>
         <input_file_ref idref="fl-2e"/>
      </object_component>
      <object_component id="oc-147">
         <name>.text:ADC_isBaseValid</name>
         <load_address>0x88cf</load_address>
         <run_address>0x88cf</run_address>
         <size>0x1b</size>
         <input_file_ref idref="fl-11"/>
      </object_component>
      <object_component id="oc-23a">
         <name>.text:CPUTimer_startTimer</name>
         <load_address>0x88ea</load_address>
         <run_address>0x88ea</run_address>
         <size>0x1a</size>
         <input_file_ref idref="fl-15"/>
      </object_component>
      <object_component id="oc-e6">
         <name>.text:SysCtl_getLowSpeedClock</name>
         <load_address>0x8904</load_address>
         <run_address>0x8904</run_address>
         <size>0x1a</size>
         <input_file_ref idref="fl-15"/>
      </object_component>
      <object_component id="oc-11f">
         <name>.text:CPUTimer_isBaseValid</name>
         <load_address>0x891e</load_address>
         <run_address>0x891e</run_address>
         <size>0x17</size>
         <input_file_ref idref="fl-12"/>
      </object_component>
      <object_component id="oc-25b">
         <name>.text:CPUTimer_isBaseValid</name>
         <load_address>0x8935</load_address>
         <run_address>0x8935</run_address>
         <size>0x17</size>
         <input_file_ref idref="fl-15"/>
      </object_component>
      <object_component id="oc-a6">
         <name>.text</name>
         <load_address>0x894c</load_address>
         <run_address>0x894c</run_address>
         <size>0x17</size>
         <input_file_ref idref="fl-21"/>
      </object_component>
      <object_component id="oc-222">
         <name>.text:CPUTimer_stopTimer</name>
         <load_address>0x8963</load_address>
         <run_address>0x8963</run_address>
         <size>0x14</size>
         <input_file_ref idref="fl-15"/>
      </object_component>
      <object_component id="oc-8c">
         <name>.text:CPUTimer_setEmulationMode</name>
         <load_address>0x8977</load_address>
         <run_address>0x8977</run_address>
         <size>0x13</size>
         <input_file_ref idref="fl-12"/>
      </object_component>
      <object_component id="oc-234">
         <name>.text:CPUTimer_clearOverflowFlag</name>
         <load_address>0x898a</load_address>
         <run_address>0x898a</run_address>
         <size>0x12</size>
         <input_file_ref idref="fl-15"/>
      </object_component>
      <object_component id="oc-21c">
         <name>.text:CPUTimer_disableInterrupt</name>
         <load_address>0x899c</load_address>
         <run_address>0x899c</run_address>
         <size>0x12</size>
         <input_file_ref idref="fl-15"/>
      </object_component>
      <object_component id="oc-228">
         <name>.text:CPUTimer_setPeriod</name>
         <load_address>0x89ae</load_address>
         <run_address>0x89ae</run_address>
         <size>0x11</size>
         <input_file_ref idref="fl-15"/>
      </object_component>
      <object_component id="oc-240">
         <name>.text:SysCtl_pollCpuTimer</name>
         <load_address>0x89bf</load_address>
         <run_address>0x89bf</run_address>
         <size>0xf</size>
         <input_file_ref idref="fl-15"/>
      </object_component>
      <object_component id="oc-15f">
         <name>.text:GPIO_isPinValid</name>
         <load_address>0x89ce</load_address>
         <run_address>0x89ce</run_address>
         <size>0xe</size>
         <input_file_ref idref="fl-13"/>
      </object_component>
      <object_component id="oc-105">
         <name>.text:Interrupt_defaultHandler</name>
         <load_address>0x89dc</load_address>
         <run_address>0x89dc</run_address>
         <size>0xe</size>
         <input_file_ref idref="fl-14"/>
      </object_component>
      <object_component id="oc-fd">
         <name>.text:Interrupt_disableGlobal</name>
         <load_address>0x89ea</load_address>
         <run_address>0x89ea</run_address>
         <size>0xd</size>
         <input_file_ref idref="fl-14"/>
      </object_component>
      <object_component id="oc-118">
         <name>.text:Interrupt_enableGlobal</name>
         <load_address>0x89f7</load_address>
         <run_address>0x89f7</run_address>
         <size>0xd</size>
         <input_file_ref idref="fl-14"/>
      </object_component>
      <object_component id="oc-49">
         <name>.text:decompress:ZI:__TI_zero_init_nomemset</name>
         <load_address>0x8a04</load_address>
         <run_address>0x8a04</run_address>
         <size>0xd</size>
         <input_file_ref idref="fl-26"/>
      </object_component>
      <object_component id="oc-13a">
         <name>.text</name>
         <load_address>0x8a11</load_address>
         <run_address>0x8a11</run_address>
         <size>0xc</size>
         <input_file_ref idref="fl-2b"/>
      </object_component>
      <object_component id="oc-170">
         <name>.text:SysCtl_isMCDClockFailureDetected</name>
         <load_address>0x8a1d</load_address>
         <run_address>0x8a1d</run_address>
         <size>0xb</size>
         <input_file_ref idref="fl-15"/>
      </object_component>
      <object_component id="oc-17c">
         <name>.text:SysCtl_serviceWatchdog</name>
         <load_address>0x8a28</load_address>
         <run_address>0x8a28</run_address>
         <size>0x9</size>
         <input_file_ref idref="fl-15"/>
      </object_component>
      <object_component id="oc-210">
         <name>.text</name>
         <load_address>0x8a31</load_address>
         <run_address>0x8a31</run_address>
         <size>0x9</size>
         <input_file_ref idref="fl-2a"/>
      </object_component>
      <object_component id="oc-55">
         <name>.text</name>
         <load_address>0x8a3a</load_address>
         <run_address>0x8a3a</run_address>
         <size>0x8</size>
         <input_file_ref idref="fl-7"/>
      </object_component>
      <object_component id="oc-26">
         <name>.text:decompress:none</name>
         <load_address>0x8a42</load_address>
         <run_address>0x8a42</run_address>
         <size>0x8</size>
         <input_file_ref idref="fl-27"/>
      </object_component>
      <object_component id="oc-246">
         <name>.text:SysCtl_resetMCD</name>
         <load_address>0x8a4a</load_address>
         <run_address>0x8a4a</run_address>
         <size>0x7</size>
         <input_file_ref idref="fl-15"/>
      </object_component>
      <object_component id="oc-111">
         <name>.text:Interrupt_illegalOperationHandler</name>
         <load_address>0x8a51</load_address>
         <run_address>0x8a51</run_address>
         <size>0x2</size>
         <input_file_ref idref="fl-14"/>
      </object_component>
      <object_component id="oc-10b">
         <name>.text:Interrupt_nmiHandler</name>
         <load_address>0x8a53</load_address>
         <run_address>0x8a53</run_address>
         <size>0x2</size>
         <input_file_ref idref="fl-14"/>
      </object_component>
      <object_component id="oc-133">
         <name>.text</name>
         <load_address>0x8a55</load_address>
         <run_address>0x8a55</run_address>
         <size>0x2</size>
         <input_file_ref idref="fl-24"/>
      </object_component>
      <object_component id="oc-74">
         <name>.text</name>
         <load_address>0xb000</load_address>
         <run_address>0xb000</run_address>
         <size>0x3fc</size>
         <input_file_ref idref="fl-8"/>
      </object_component>
      <object_component id="oc-6d">
         <name>.text</name>
         <load_address>0xb3fc</load_address>
         <run_address>0xb3fc</run_address>
         <size>0x225</size>
         <input_file_ref idref="fl-6"/>
      </object_component>
      <object_component id="oc-33">
         <name>.text</name>
         <load_address>0xb621</load_address>
         <run_address>0xb621</run_address>
         <size>0x154</size>
         <input_file_ref idref="fl-2"/>
      </object_component>
      <object_component id="oc-1ea">
         <name>.text:SysCtl_selectXTAL</name>
         <load_address>0xb775</load_address>
         <run_address>0xb775</run_address>
         <size>0x8a</size>
         <input_file_ref idref="fl-15"/>
      </object_component>
      <object_component id="oc-1f6">
         <name>.text</name>
         <load_address>0xb7ff</load_address>
         <run_address>0xb7ff</run_address>
         <size>0x1</size>
         <input_file_ref idref="fl-2f"/>
      </object_component>
      <object_component id="oc-2ad">
         <name>.cinit..data.load</name>
         <load_address>0x128</load_address>
         <run_address>0x128</run_address>
         <size>0xb</size>
      </object_component>
      <object_component id="oc-2aa">
         <name>__TI_handler_table</name>
         <load_address>0x134</load_address>
         <run_address>0x134</run_address>
         <size>0x6</size>
      </object_component>
      <object_component id="oc-2ac">
         <name>.cinit..bss.load</name>
         <load_address>0x13a</load_address>
         <run_address>0x13a</run_address>
         <size>0x4</size>
      </object_component>
      <object_component id="oc-2ab">
         <name>__TI_cinit_table</name>
         <load_address>0x13e</load_address>
         <run_address>0x13e</run_address>
         <size>0x8</size>
      </object_component>
      <object_component id="oc-3e">
         <name>.stack</name>
         <uninitialized>true</uninitialized>
         <run_address>0x400</run_address>
         <size>0x0</size>
         <input_file_ref idref="fl-21"/>
      </object_component>
      <object_component id="oc-2ae">
         <name>.stack</name>
         <uninitialized>true</uninitialized>
         <run_address>0x400</run_address>
         <size>0x0</size>
      </object_component>
      <object_component id="oc-5e">
         <name>.bss</name>
         <uninitialized>true</uninitialized>
         <run_address>0xab44</run_address>
         <size>0x4</size>
         <input_file_ref idref="fl-2"/>
      </object_component>
      <object_component id="oc-16f">
         <name>.const:.string</name>
         <load_address>0xa800</load_address>
         <run_address>0xa800</run_address>
         <size>0xc2</size>
         <input_file_ref idref="fl-15"/>
      </object_component>
      <object_component id="oc-165">
         <name>.const:.string</name>
         <load_address>0xa8c2</load_address>
         <run_address>0xa8c2</run_address>
         <size>0xbc</size>
         <input_file_ref idref="fl-13"/>
      </object_component>
      <object_component id="oc-125">
         <name>.const:.string</name>
         <load_address>0xa97e</load_address>
         <run_address>0xa97e</run_address>
         <size>0x62</size>
         <input_file_ref idref="fl-12"/>
      </object_component>
      <object_component id="oc-14d">
         <name>.const:.string</name>
         <load_address>0xa9e0</load_address>
         <run_address>0xa9e0</run_address>
         <size>0x5d</size>
         <input_file_ref idref="fl-11"/>
      </object_component>
      <object_component id="oc-73">
         <name>.const:.string</name>
         <load_address>0xaa3e</load_address>
         <run_address>0xaa3e</run_address>
         <size>0x48</size>
         <input_file_ref idref="fl-2"/>
      </object_component>
      <object_component id="oc-be">
         <name>.const:.string</name>
         <load_address>0xaa86</load_address>
         <run_address>0xaa86</run_address>
         <size>0x44</size>
         <input_file_ref idref="fl-6"/>
      </object_component>
      <object_component id="oc-b2">
         <name>.const:.string</name>
         <load_address>0xaaca</load_address>
         <run_address>0xaaca</run_address>
         <size>0x43</size>
         <input_file_ref idref="fl-4"/>
      </object_component>
      <object_component id="oc-e5">
         <name>.const:.string</name>
         <load_address>0xab0e</load_address>
         <run_address>0xab0e</run_address>
         <size>0x13</size>
         <input_file_ref idref="fl-8"/>
      </object_component>
      <object_component id="oc-5b">
         <name>.data</name>
         <load_address>0xab22</load_address>
         <run_address>0xab22</run_address>
         <size>0x8</size>
         <input_file_ref idref="fl-2"/>
      </object_component>
      <object_component id="oc-61">
         <name>.data:adcResult</name>
         <load_address>0xab3c</load_address>
         <run_address>0xab3c</run_address>
         <size>0x4</size>
         <input_file_ref idref="fl-2"/>
      </object_component>
      <object_component id="oc-6a">
         <name>.data:sinWave</name>
         <load_address>0xab36</load_address>
         <run_address>0xab36</run_address>
         <size>0x6</size>
         <input_file_ref idref="fl-2"/>
      </object_component>
      <object_component id="oc-f8">
         <name>.data</name>
         <load_address>0xab2a</load_address>
         <run_address>0xab2a</run_address>
         <size>0x6</size>
         <input_file_ref idref="fl-8"/>
      </object_component>
      <object_component id="oc-1d4">
         <name>.data</name>
         <load_address>0xab30</load_address>
         <run_address>0xab30</run_address>
         <size>0x6</size>
         <input_file_ref idref="fl-29"/>
      </object_component>
      <object_component id="oc-1d7">
         <name>.data:_lock</name>
         <load_address>0xab40</load_address>
         <run_address>0xab40</run_address>
         <size>0x2</size>
         <input_file_ref idref="fl-2a"/>
      </object_component>
      <object_component id="oc-254">
         <name>.data:_unlock</name>
         <load_address>0xab42</load_address>
         <run_address>0xab42</run_address>
         <size>0x2</size>
         <input_file_ref idref="fl-2a"/>
      </object_component>
      <object_component id="oc-b9">
         <name>.TI.ramfunc</name>
         <load_address>0x123</load_address>
         <run_address>0x123</run_address>
         <size>0x4</size>
         <input_file_ref idref="fl-15"/>
      </object_component>
      <object_component id="oc-93">
         <name>.debug_types</name>
         <load_address>0x0</load_address>
         <run_address>0x0</run_address>
         <size>0x6c7</size>
         <input_file_ref idref="fl-2"/>
      </object_component>
      <object_component id="oc-bb">
         <name>.debug_types</name>
         <load_address>0x6c7</load_address>
         <run_address>0x6c7</run_address>
         <size>0xa07</size>
         <input_file_ref idref="fl-4"/>
      </object_component>
      <object_component id="oc-d2">
         <name>.debug_types</name>
         <load_address>0x10ce</load_address>
         <run_address>0x10ce</run_address>
         <size>0x14b</size>
         <input_file_ref idref="fl-6"/>
      </object_component>
      <object_component id="oc-fc">
         <name>.debug_types</name>
         <load_address>0x1219</load_address>
         <run_address>0x1219</run_address>
         <size>0xf4f</size>
         <input_file_ref idref="fl-8"/>
      </object_component>
      <object_component id="oc-15b">
         <name>.debug_types</name>
         <load_address>0x2168</load_address>
         <run_address>0x2168</run_address>
         <size>0x12c</size>
         <input_file_ref idref="fl-11"/>
      </object_component>
      <object_component id="oc-127">
         <name>.debug_types</name>
         <load_address>0x0</load_address>
         <run_address>0x0</run_address>
         <size>0x0</size>
         <input_file_ref idref="fl-12"/>
      </object_component>
      <object_component id="oc-167">
         <name>.debug_types</name>
         <load_address>0x2294</load_address>
         <run_address>0x2294</run_address>
         <size>0x2c4</size>
         <input_file_ref idref="fl-13"/>
      </object_component>
      <object_component id="oc-104">
         <name>.debug_types</name>
         <load_address>0x0</load_address>
         <run_address>0x0</run_address>
         <size>0x0</size>
         <input_file_ref idref="fl-14"/>
      </object_component>
      <object_component id="oc-16e">
         <name>.debug_types</name>
         <load_address>0x2558</load_address>
         <run_address>0x2558</run_address>
         <size>0x21d</size>
         <input_file_ref idref="fl-15"/>
      </object_component>
      <object_component id="oc-1a1">
         <name>.debug_types</name>
         <load_address>0x0</load_address>
         <run_address>0x0</run_address>
         <size>0x0</size>
         <input_file_ref idref="fl-24"/>
      </object_component>
      <object_component id="oc-1fd">
         <name>.debug_types</name>
         <load_address>0x2775</load_address>
         <run_address>0x2775</run_address>
         <size>0x49b</size>
         <input_file_ref idref="fl-25"/>
      </object_component>
      <object_component id="oc-9e">
         <name>.debug_types</name>
         <load_address>0x2c10</load_address>
         <run_address>0x2c10</run_address>
         <size>0x1c8</size>
         <input_file_ref idref="fl-26"/>
      </object_component>
      <object_component id="oc-48">
         <name>.debug_types</name>
         <load_address>0x0</load_address>
         <run_address>0x0</run_address>
         <size>0x0</size>
         <input_file_ref idref="fl-27"/>
      </object_component>
      <object_component id="oc-40">
         <name>.debug_types</name>
         <load_address>0x2dd8</load_address>
         <run_address>0x2dd8</run_address>
         <size>0x191</size>
         <input_file_ref idref="fl-28"/>
      </object_component>
      <object_component id="oc-1db">
         <name>.debug_types</name>
         <load_address>0x2f69</load_address>
         <run_address>0x2f69</run_address>
         <size>0xbf</size>
         <input_file_ref idref="fl-29"/>
      </object_component>
      <object_component id="oc-218">
         <name>.debug_types</name>
         <load_address>0x3028</load_address>
         <run_address>0x3028</run_address>
         <size>0x2f</size>
         <input_file_ref idref="fl-2a"/>
      </object_component>
      <object_component id="oc-1d3">
         <name>.debug_types</name>
         <load_address>0x3057</load_address>
         <run_address>0x3057</run_address>
         <size>0xe1</size>
         <input_file_ref idref="fl-2b"/>
      </object_component>
      <object_component id="oc-99">
         <name>.debug_types</name>
         <load_address>0x3138</load_address>
         <run_address>0x3138</run_address>
         <size>0xb8</size>
         <input_file_ref idref="fl-2e"/>
      </object_component>
      <object_component id="oc-24e">
         <name>.debug_types</name>
         <load_address>0x0</load_address>
         <run_address>0x0</run_address>
         <size>0x0</size>
         <input_file_ref idref="fl-2f"/>
      </object_component>
      <object_component id="oc-5c">
         <name>.debug_info</name>
         <load_address>0x0</load_address>
         <run_address>0x0</run_address>
         <size>0x17e</size>
         <input_file_ref idref="fl-2"/>
      </object_component>
      <object_component id="oc-5f">
         <name>.debug_info</name>
         <load_address>0x17e</load_address>
         <run_address>0x17e</run_address>
         <size>0x122</size>
         <input_file_ref idref="fl-2"/>
      </object_component>
      <object_component id="oc-62">
         <name>.debug_info</name>
         <load_address>0x2a0</load_address>
         <run_address>0x2a0</run_address>
         <size>0xe8</size>
         <input_file_ref idref="fl-2"/>
      </object_component>
      <object_component id="oc-6b">
         <name>.debug_info</name>
         <load_address>0x388</load_address>
         <run_address>0x388</run_address>
         <size>0xe4</size>
         <input_file_ref idref="fl-2"/>
      </object_component>
      <object_component id="oc-34">
         <name>.debug_info</name>
         <load_address>0x46c</load_address>
         <run_address>0x46c</run_address>
         <size>0xcc4</size>
         <input_file_ref idref="fl-2"/>
      </object_component>
      <object_component id="oc-39">
         <name>.debug_info</name>
         <load_address>0x1130</load_address>
         <run_address>0x1130</run_address>
         <size>0x186</size>
         <input_file_ref idref="fl-2"/>
      </object_component>
      <object_component id="oc-68">
         <name>.debug_info</name>
         <load_address>0x12b6</load_address>
         <run_address>0x12b6</run_address>
         <size>0x824</size>
         <input_file_ref idref="fl-4"/>
      </object_component>
      <object_component id="oc-6f">
         <name>.debug_info</name>
         <load_address>0x1ada</load_address>
         <run_address>0x1ada</run_address>
         <size>0x930</size>
         <input_file_ref idref="fl-6"/>
      </object_component>
      <object_component id="oc-2e">
         <name>.debug_info</name>
         <load_address>0x240a</load_address>
         <run_address>0x240a</run_address>
         <size>0x112</size>
         <input_file_ref idref="fl-7"/>
      </object_component>
      <object_component id="oc-56">
         <name>.debug_info</name>
         <load_address>0x251c</load_address>
         <run_address>0x251c</run_address>
         <size>0x113</size>
         <input_file_ref idref="fl-7"/>
      </object_component>
      <object_component id="oc-f9">
         <name>.debug_info</name>
         <load_address>0x262f</load_address>
         <run_address>0x262f</run_address>
         <size>0x15d</size>
         <input_file_ref idref="fl-8"/>
      </object_component>
      <object_component id="oc-76">
         <name>.debug_info</name>
         <load_address>0x278c</load_address>
         <run_address>0x278c</run_address>
         <size>0x1ce4</size>
         <input_file_ref idref="fl-8"/>
      </object_component>
      <object_component id="oc-148">
         <name>.debug_info</name>
         <load_address>0x4470</load_address>
         <run_address>0x4470</run_address>
         <size>0x207</size>
         <input_file_ref idref="fl-11"/>
      </object_component>
      <object_component id="oc-b6">
         <name>.debug_info</name>
         <load_address>0x4677</load_address>
         <run_address>0x4677</run_address>
         <size>0x2bc</size>
         <input_file_ref idref="fl-11"/>
      </object_component>
      <object_component id="oc-150">
         <name>.debug_info</name>
         <load_address>0x4933</load_address>
         <run_address>0x4933</run_address>
         <size>0x24a</size>
         <input_file_ref idref="fl-11"/>
      </object_component>
      <object_component id="oc-155">
         <name>.debug_info</name>
         <load_address>0x4b7d</load_address>
         <run_address>0x4b7d</run_address>
         <size>0x288</size>
         <input_file_ref idref="fl-11"/>
      </object_component>
      <object_component id="oc-123">
         <name>.debug_info</name>
         <load_address>0x4e05</load_address>
         <run_address>0x4e05</run_address>
         <size>0x219</size>
         <input_file_ref idref="fl-12"/>
      </object_component>
      <object_component id="oc-8d">
         <name>.debug_info</name>
         <load_address>0x501e</load_address>
         <run_address>0x501e</run_address>
         <size>0x265</size>
         <input_file_ref idref="fl-12"/>
      </object_component>
      <object_component id="oc-160">
         <name>.debug_info</name>
         <load_address>0x5283</load_address>
         <run_address>0x5283</run_address>
         <size>0x205</size>
         <input_file_ref idref="fl-13"/>
      </object_component>
      <object_component id="oc-cc">
         <name>.debug_info</name>
         <load_address>0x5488</load_address>
         <run_address>0x5488</run_address>
         <size>0x27d</size>
         <input_file_ref idref="fl-13"/>
      </object_component>
      <object_component id="oc-c0">
         <name>.debug_info</name>
         <load_address>0x5705</load_address>
         <run_address>0x5705</run_address>
         <size>0x266</size>
         <input_file_ref idref="fl-13"/>
      </object_component>
      <object_component id="oc-ef">
         <name>.debug_info</name>
         <load_address>0x596b</load_address>
         <run_address>0x596b</run_address>
         <size>0x2ae</size>
         <input_file_ref idref="fl-13"/>
      </object_component>
      <object_component id="oc-f4">
         <name>.debug_info</name>
         <load_address>0x5c19</load_address>
         <run_address>0x5c19</run_address>
         <size>0x296</size>
         <input_file_ref idref="fl-13"/>
      </object_component>
      <object_component id="oc-c6">
         <name>.debug_info</name>
         <load_address>0x5eaf</load_address>
         <run_address>0x5eaf</run_address>
         <size>0x24f</size>
         <input_file_ref idref="fl-13"/>
      </object_component>
      <object_component id="oc-11c">
         <name>.debug_info</name>
         <load_address>0x60fe</load_address>
         <run_address>0x60fe</run_address>
         <size>0x1fe</size>
         <input_file_ref idref="fl-14"/>
      </object_component>
      <object_component id="oc-101">
         <name>.debug_info</name>
         <load_address>0x62fc</load_address>
         <run_address>0x62fc</run_address>
         <size>0x202</size>
         <input_file_ref idref="fl-14"/>
      </object_component>
      <object_component id="oc-108">
         <name>.debug_info</name>
         <load_address>0x64fe</load_address>
         <run_address>0x64fe</run_address>
         <size>0x21c</size>
         <input_file_ref idref="fl-14"/>
      </object_component>
      <object_component id="oc-114">
         <name>.debug_info</name>
         <load_address>0x671a</load_address>
         <run_address>0x671a</run_address>
         <size>0x202</size>
         <input_file_ref idref="fl-14"/>
      </object_component>
      <object_component id="oc-10e">
         <name>.debug_info</name>
         <load_address>0x691c</load_address>
         <run_address>0x691c</run_address>
         <size>0x1e8</size>
         <input_file_ref idref="fl-14"/>
      </object_component>
      <object_component id="oc-7c">
         <name>.debug_info</name>
         <load_address>0x6b04</load_address>
         <run_address>0x6b04</run_address>
         <size>0x20f</size>
         <input_file_ref idref="fl-14"/>
      </object_component>
      <object_component id="oc-83">
         <name>.debug_info</name>
         <load_address>0x6d13</load_address>
         <run_address>0x6d13</run_address>
         <size>0x20a</size>
         <input_file_ref idref="fl-14"/>
      </object_component>
      <object_component id="oc-89">
         <name>.debug_info</name>
         <load_address>0x6f1d</load_address>
         <run_address>0x6f1d</run_address>
         <size>0x2b2</size>
         <input_file_ref idref="fl-14"/>
      </object_component>
      <object_component id="oc-17d">
         <name>.debug_info</name>
         <load_address>0x71cf</load_address>
         <run_address>0x71cf</run_address>
         <size>0x1f2</size>
         <input_file_ref idref="fl-15"/>
      </object_component>
      <object_component id="oc-171">
         <name>.debug_info</name>
         <load_address>0x73c1</load_address>
         <run_address>0x73c1</run_address>
         <size>0x20e</size>
         <input_file_ref idref="fl-15"/>
      </object_component>
      <object_component id="oc-247">
         <name>.debug_info</name>
         <load_address>0x75cf</load_address>
         <run_address>0x75cf</run_address>
         <size>0x1e4</size>
         <input_file_ref idref="fl-15"/>
      </object_component>
      <object_component id="oc-25c">
         <name>.debug_info</name>
         <load_address>0x77b3</load_address>
         <run_address>0x77b3</run_address>
         <size>0x217</size>
         <input_file_ref idref="fl-15"/>
      </object_component>
      <object_component id="oc-235">
         <name>.debug_info</name>
         <load_address>0x79ca</load_address>
         <run_address>0x79ca</run_address>
         <size>0x244</size>
         <input_file_ref idref="fl-15"/>
      </object_component>
      <object_component id="oc-21d">
         <name>.debug_info</name>
         <load_address>0x7c0e</load_address>
         <run_address>0x7c0e</run_address>
         <size>0x242</size>
         <input_file_ref idref="fl-15"/>
      </object_component>
      <object_component id="oc-223">
         <name>.debug_info</name>
         <load_address>0x7e50</load_address>
         <run_address>0x7e50</run_address>
         <size>0x24a</size>
         <input_file_ref idref="fl-15"/>
      </object_component>
      <object_component id="oc-23b">
         <name>.debug_info</name>
         <load_address>0x809a</load_address>
         <run_address>0x809a</run_address>
         <size>0x24d</size>
         <input_file_ref idref="fl-15"/>
      </object_component>
      <object_component id="oc-229">
         <name>.debug_info</name>
         <load_address>0x82e7</load_address>
         <run_address>0x82e7</run_address>
         <size>0x24e</size>
         <input_file_ref idref="fl-15"/>
      </object_component>
      <object_component id="oc-268">
         <name>.debug_info</name>
         <load_address>0x8535</load_address>
         <run_address>0x8535</run_address>
         <size>0x258</size>
         <input_file_ref idref="fl-15"/>
      </object_component>
      <object_component id="oc-22f">
         <name>.debug_info</name>
         <load_address>0x878d</load_address>
         <run_address>0x878d</run_address>
         <size>0x27c</size>
         <input_file_ref idref="fl-15"/>
      </object_component>
      <object_component id="oc-241">
         <name>.debug_info</name>
         <load_address>0x8a09</load_address>
         <run_address>0x8a09</run_address>
         <size>0x241</size>
         <input_file_ref idref="fl-15"/>
      </object_component>
      <object_component id="oc-e0">
         <name>.debug_info</name>
         <load_address>0x8c4a</load_address>
         <run_address>0x8c4a</run_address>
         <size>0x277</size>
         <input_file_ref idref="fl-15"/>
      </object_component>
      <object_component id="oc-da">
         <name>.debug_info</name>
         <load_address>0x8ec1</load_address>
         <run_address>0x8ec1</run_address>
         <size>0x51a</size>
         <input_file_ref idref="fl-15"/>
      </object_component>
      <object_component id="oc-1eb">
         <name>.debug_info</name>
         <load_address>0x93db</load_address>
         <run_address>0x93db</run_address>
         <size>0x3ba</size>
         <input_file_ref idref="fl-15"/>
      </object_component>
      <object_component id="oc-177">
         <name>.debug_info</name>
         <load_address>0x9795</load_address>
         <run_address>0x9795</run_address>
         <size>0x243</size>
         <input_file_ref idref="fl-15"/>
      </object_component>
      <object_component id="oc-e7">
         <name>.debug_info</name>
         <load_address>0x99d8</load_address>
         <run_address>0x99d8</run_address>
         <size>0x251</size>
         <input_file_ref idref="fl-15"/>
      </object_component>
      <object_component id="oc-d4">
         <name>.debug_info</name>
         <load_address>0x9c29</load_address>
         <run_address>0x9c29</run_address>
         <size>0x241</size>
         <input_file_ref idref="fl-15"/>
      </object_component>
      <object_component id="oc-a7">
         <name>.debug_info</name>
         <load_address>0x9e6a</load_address>
         <run_address>0x9e6a</run_address>
         <size>0x158</size>
         <input_file_ref idref="fl-21"/>
      </object_component>
      <object_component id="oc-183">
         <name>.debug_info</name>
         <load_address>0x9fc2</load_address>
         <run_address>0x9fc2</run_address>
         <size>0x127</size>
         <input_file_ref idref="fl-22"/>
      </object_component>
      <object_component id="oc-134">
         <name>.debug_info</name>
         <load_address>0xa0e9</load_address>
         <run_address>0xa0e9</run_address>
         <size>0x14d</size>
         <input_file_ref idref="fl-24"/>
      </object_component>
      <object_component id="oc-1a6">
         <name>.debug_info</name>
         <load_address>0xa236</load_address>
         <run_address>0xa236</run_address>
         <size>0x1bf</size>
         <input_file_ref idref="fl-25"/>
      </object_component>
      <object_component id="oc-4c">
         <name>.debug_info</name>
         <load_address>0xa3f5</load_address>
         <run_address>0xa3f5</run_address>
         <size>0x1b6</size>
         <input_file_ref idref="fl-26"/>
      </object_component>
      <object_component id="oc-29">
         <name>.debug_info</name>
         <load_address>0xa5ab</load_address>
         <run_address>0xa5ab</run_address>
         <size>0x1b7</size>
         <input_file_ref idref="fl-27"/>
      </object_component>
      <object_component id="oc-21">
         <name>.debug_info</name>
         <load_address>0xa762</load_address>
         <run_address>0xa762</run_address>
         <size>0x219</size>
         <input_file_ref idref="fl-28"/>
      </object_component>
      <object_component id="oc-1d5">
         <name>.debug_info</name>
         <load_address>0xa97b</load_address>
         <run_address>0xa97b</run_address>
         <size>0x19e</size>
         <input_file_ref idref="fl-29"/>
      </object_component>
      <object_component id="oc-141">
         <name>.debug_info</name>
         <load_address>0xab19</load_address>
         <run_address>0xab19</run_address>
         <size>0x1a9</size>
         <input_file_ref idref="fl-29"/>
      </object_component>
      <object_component id="oc-1d8">
         <name>.debug_info</name>
         <load_address>0xacc2</load_address>
         <run_address>0xacc2</run_address>
         <size>0x107</size>
         <input_file_ref idref="fl-2a"/>
      </object_component>
      <object_component id="oc-255">
         <name>.debug_info</name>
         <load_address>0xadc9</load_address>
         <run_address>0xadc9</run_address>
         <size>0x10b</size>
         <input_file_ref idref="fl-2a"/>
      </object_component>
      <object_component id="oc-211">
         <name>.debug_info</name>
         <load_address>0xaed4</load_address>
         <run_address>0xaed4</run_address>
         <size>0x203</size>
         <input_file_ref idref="fl-2a"/>
      </object_component>
      <object_component id="oc-13b">
         <name>.debug_info</name>
         <load_address>0xb0d7</load_address>
         <run_address>0xb0d7</run_address>
         <size>0x15d</size>
         <input_file_ref idref="fl-2b"/>
      </object_component>
      <object_component id="oc-44">
         <name>.debug_info</name>
         <load_address>0xb234</load_address>
         <run_address>0xb234</run_address>
         <size>0x19b</size>
         <input_file_ref idref="fl-2e"/>
      </object_component>
      <object_component id="oc-1f7">
         <name>.debug_info</name>
         <load_address>0xb3cf</load_address>
         <run_address>0xb3cf</run_address>
         <size>0x147</size>
         <input_file_ref idref="fl-2f"/>
      </object_component>
      <object_component id="oc-2b2">
         <name>.debug_info</name>
         <load_address>0xb516</load_address>
         <run_address>0xb516</run_address>
         <size>0xb2</size>
      </object_component>
      <object_component id="oc-ad">
         <name>.debug_line</name>
         <load_address>0x0</load_address>
         <run_address>0x0</run_address>
         <size>0x2e</size>
         <input_file_ref idref="fl-2"/>
      </object_component>
      <object_component id="oc-af">
         <name>.debug_line</name>
         <load_address>0x2e</load_address>
         <run_address>0x2e</run_address>
         <size>0x2e</size>
         <input_file_ref idref="fl-2"/>
      </object_component>
      <object_component id="oc-b1">
         <name>.debug_line</name>
         <load_address>0x5c</load_address>
         <run_address>0x5c</run_address>
         <size>0x2e</size>
         <input_file_ref idref="fl-2"/>
      </object_component>
      <object_component id="oc-bd">
         <name>.debug_line</name>
         <load_address>0x8a</load_address>
         <run_address>0x8a</run_address>
         <size>0x2e</size>
         <input_file_ref idref="fl-2"/>
      </object_component>
      <object_component id="oc-37">
         <name>.debug_line</name>
         <load_address>0xb8</load_address>
         <run_address>0xb8</run_address>
         <size>0x242</size>
         <input_file_ref idref="fl-2"/>
      </object_component>
      <object_component id="oc-3c">
         <name>.debug_line</name>
         <load_address>0x2fa</load_address>
         <run_address>0x2fa</run_address>
         <size>0x80</size>
         <input_file_ref idref="fl-2"/>
      </object_component>
      <object_component id="oc-129">
         <name>.debug_line</name>
         <load_address>0x37a</load_address>
         <run_address>0x37a</run_address>
         <size>0x1f1</size>
         <input_file_ref idref="fl-2"/>
      </object_component>
      <object_component id="oc-65">
         <name>.debug_line</name>
         <load_address>0x56b</load_address>
         <run_address>0x56b</run_address>
         <size>0x16b</size>
         <input_file_ref idref="fl-4"/>
      </object_component>
      <object_component id="oc-15d">
         <name>.debug_line</name>
         <load_address>0x6d6</load_address>
         <run_address>0x6d6</run_address>
         <size>0xaf</size>
         <input_file_ref idref="fl-4"/>
      </object_component>
      <object_component id="oc-72">
         <name>.debug_line</name>
         <load_address>0x785</load_address>
         <run_address>0x785</run_address>
         <size>0x18d</size>
         <input_file_ref idref="fl-6"/>
      </object_component>
      <object_component id="oc-16b">
         <name>.debug_line</name>
         <load_address>0x912</load_address>
         <run_address>0x912</run_address>
         <size>0xb0</size>
         <input_file_ref idref="fl-6"/>
      </object_component>
      <object_component id="oc-31">
         <name>.debug_line</name>
         <load_address>0x9c2</load_address>
         <run_address>0x9c2</run_address>
         <size>0x55</size>
         <input_file_ref idref="fl-7"/>
      </object_component>
      <object_component id="oc-59">
         <name>.debug_line</name>
         <load_address>0xa17</load_address>
         <run_address>0xa17</run_address>
         <size>0x5d</size>
         <input_file_ref idref="fl-7"/>
      </object_component>
      <object_component id="oc-18d">
         <name>.debug_line</name>
         <load_address>0xa74</load_address>
         <run_address>0xa74</run_address>
         <size>0x37</size>
         <input_file_ref idref="fl-8"/>
      </object_component>
      <object_component id="oc-75">
         <name>.debug_line</name>
         <load_address>0xaab</load_address>
         <run_address>0xaab</run_address>
         <size>0x408</size>
         <input_file_ref idref="fl-8"/>
      </object_component>
      <object_component id="oc-18f">
         <name>.debug_line</name>
         <load_address>0xeb3</load_address>
         <run_address>0xeb3</run_address>
         <size>0xb1</size>
         <input_file_ref idref="fl-8"/>
      </object_component>
      <object_component id="oc-14c">
         <name>.debug_line</name>
         <load_address>0xf64</load_address>
         <run_address>0xf64</run_address>
         <size>0x97</size>
         <input_file_ref idref="fl-11"/>
      </object_component>
      <object_component id="oc-b4">
         <name>.debug_line</name>
         <load_address>0xffb</load_address>
         <run_address>0xffb</run_address>
         <size>0xa3</size>
         <input_file_ref idref="fl-11"/>
      </object_component>
      <object_component id="oc-14f">
         <name>.debug_line</name>
         <load_address>0x109e</load_address>
         <run_address>0x109e</run_address>
         <size>0xe2</size>
         <input_file_ref idref="fl-11"/>
      </object_component>
      <object_component id="oc-159">
         <name>.debug_line</name>
         <load_address>0x1180</load_address>
         <run_address>0x1180</run_address>
         <size>0xc3</size>
         <input_file_ref idref="fl-11"/>
      </object_component>
      <object_component id="oc-1e0">
         <name>.debug_line</name>
         <load_address>0x1243</load_address>
         <run_address>0x1243</run_address>
         <size>0xe3</size>
         <input_file_ref idref="fl-11"/>
      </object_component>
      <object_component id="oc-122">
         <name>.debug_line</name>
         <load_address>0x1326</load_address>
         <run_address>0x1326</run_address>
         <size>0x9c</size>
         <input_file_ref idref="fl-12"/>
      </object_component>
      <object_component id="oc-91">
         <name>.debug_line</name>
         <load_address>0x13c2</load_address>
         <run_address>0x13c2</run_address>
         <size>0x9e</size>
         <input_file_ref idref="fl-12"/>
      </object_component>
      <object_component id="oc-19b">
         <name>.debug_line</name>
         <load_address>0x1460</load_address>
         <run_address>0x1460</run_address>
         <size>0xe8</size>
         <input_file_ref idref="fl-12"/>
      </object_component>
      <object_component id="oc-163">
         <name>.debug_line</name>
         <load_address>0x1548</load_address>
         <run_address>0x1548</run_address>
         <size>0x98</size>
         <input_file_ref idref="fl-13"/>
      </object_component>
      <object_component id="oc-cf">
         <name>.debug_line</name>
         <load_address>0x15e0</load_address>
         <run_address>0x15e0</run_address>
         <size>0xa2</size>
         <input_file_ref idref="fl-13"/>
      </object_component>
      <object_component id="oc-c3">
         <name>.debug_line</name>
         <load_address>0x1682</load_address>
         <run_address>0x1682</run_address>
         <size>0xb1</size>
         <input_file_ref idref="fl-13"/>
      </object_component>
      <object_component id="oc-ee">
         <name>.debug_line</name>
         <load_address>0x1733</load_address>
         <run_address>0x1733</run_address>
         <size>0x9f</size>
         <input_file_ref idref="fl-13"/>
      </object_component>
      <object_component id="oc-f3">
         <name>.debug_line</name>
         <load_address>0x17d2</load_address>
         <run_address>0x17d2</run_address>
         <size>0x9f</size>
         <input_file_ref idref="fl-13"/>
      </object_component>
      <object_component id="oc-c9">
         <name>.debug_line</name>
         <load_address>0x1871</load_address>
         <run_address>0x1871</run_address>
         <size>0x9f</size>
         <input_file_ref idref="fl-13"/>
      </object_component>
      <object_component id="oc-1e4">
         <name>.debug_line</name>
         <load_address>0x1910</load_address>
         <run_address>0x1910</run_address>
         <size>0xe4</size>
         <input_file_ref idref="fl-13"/>
      </object_component>
      <object_component id="oc-11a">
         <name>.debug_line</name>
         <load_address>0x19f4</load_address>
         <run_address>0x19f4</run_address>
         <size>0x9d</size>
         <input_file_ref idref="fl-14"/>
      </object_component>
      <object_component id="oc-100">
         <name>.debug_line</name>
         <load_address>0x1a91</load_address>
         <run_address>0x1a91</run_address>
         <size>0x9d</size>
         <input_file_ref idref="fl-14"/>
      </object_component>
      <object_component id="oc-106">
         <name>.debug_line</name>
         <load_address>0x1b2e</load_address>
         <run_address>0x1b2e</run_address>
         <size>0xa3</size>
         <input_file_ref idref="fl-14"/>
      </object_component>
      <object_component id="oc-113">
         <name>.debug_line</name>
         <load_address>0x1bd1</load_address>
         <run_address>0x1bd1</run_address>
         <size>0x9b</size>
         <input_file_ref idref="fl-14"/>
      </object_component>
      <object_component id="oc-10c">
         <name>.debug_line</name>
         <load_address>0x1c6c</load_address>
         <run_address>0x1c6c</run_address>
         <size>0x9b</size>
         <input_file_ref idref="fl-14"/>
      </object_component>
      <object_component id="oc-7e">
         <name>.debug_line</name>
         <load_address>0x1d07</load_address>
         <run_address>0x1d07</run_address>
         <size>0xb8</size>
         <input_file_ref idref="fl-14"/>
      </object_component>
      <object_component id="oc-85">
         <name>.debug_line</name>
         <load_address>0x1dbf</load_address>
         <run_address>0x1dbf</run_address>
         <size>0xb1</size>
         <input_file_ref idref="fl-14"/>
      </object_component>
      <object_component id="oc-8b">
         <name>.debug_line</name>
         <load_address>0x1e70</load_address>
         <run_address>0x1e70</run_address>
         <size>0xb1</size>
         <input_file_ref idref="fl-14"/>
      </object_component>
      <object_component id="oc-193">
         <name>.debug_line</name>
         <load_address>0x1f21</load_address>
         <run_address>0x1f21</run_address>
         <size>0x21</size>
         <input_file_ref idref="fl-14"/>
      </object_component>
      <object_component id="oc-180">
         <name>.debug_line</name>
         <load_address>0x1f42</load_address>
         <run_address>0x1f42</run_address>
         <size>0x9d</size>
         <input_file_ref idref="fl-15"/>
      </object_component>
      <object_component id="oc-174">
         <name>.debug_line</name>
         <load_address>0x1fdf</load_address>
         <run_address>0x1fdf</run_address>
         <size>0x9a</size>
         <input_file_ref idref="fl-15"/>
      </object_component>
      <object_component id="oc-24b">
         <name>.debug_line</name>
         <load_address>0x2079</load_address>
         <run_address>0x2079</run_address>
         <size>0x9c</size>
         <input_file_ref idref="fl-15"/>
      </object_component>
      <object_component id="oc-260">
         <name>.debug_line</name>
         <load_address>0x2115</load_address>
         <run_address>0x2115</run_address>
         <size>0x9c</size>
         <input_file_ref idref="fl-15"/>
      </object_component>
      <object_component id="oc-239">
         <name>.debug_line</name>
         <load_address>0x21b1</load_address>
         <run_address>0x21b1</run_address>
         <size>0x9d</size>
         <input_file_ref idref="fl-15"/>
      </object_component>
      <object_component id="oc-221">
         <name>.debug_line</name>
         <load_address>0x224e</load_address>
         <run_address>0x224e</run_address>
         <size>0x9d</size>
         <input_file_ref idref="fl-15"/>
      </object_component>
      <object_component id="oc-226">
         <name>.debug_line</name>
         <load_address>0x22eb</load_address>
         <run_address>0x22eb</run_address>
         <size>0xa1</size>
         <input_file_ref idref="fl-15"/>
      </object_component>
      <object_component id="oc-23e">
         <name>.debug_line</name>
         <load_address>0x238c</load_address>
         <run_address>0x238c</run_address>
         <size>0xa2</size>
         <input_file_ref idref="fl-15"/>
      </object_component>
      <object_component id="oc-22d">
         <name>.debug_line</name>
         <load_address>0x242e</load_address>
         <run_address>0x242e</run_address>
         <size>0x9d</size>
         <input_file_ref idref="fl-15"/>
      </object_component>
      <object_component id="oc-26b">
         <name>.debug_line</name>
         <load_address>0x24cb</load_address>
         <run_address>0x24cb</run_address>
         <size>0x9d</size>
         <input_file_ref idref="fl-15"/>
      </object_component>
      <object_component id="oc-233">
         <name>.debug_line</name>
         <load_address>0x2568</load_address>
         <run_address>0x2568</run_address>
         <size>0xa5</size>
         <input_file_ref idref="fl-15"/>
      </object_component>
      <object_component id="oc-244">
         <name>.debug_line</name>
         <load_address>0x260d</load_address>
         <run_address>0x260d</run_address>
         <size>0xa1</size>
         <input_file_ref idref="fl-15"/>
      </object_component>
      <object_component id="oc-e3">
         <name>.debug_line</name>
         <load_address>0x26ae</load_address>
         <run_address>0x26ae</run_address>
         <size>0xb4</size>
         <input_file_ref idref="fl-15"/>
      </object_component>
      <object_component id="oc-dd">
         <name>.debug_line</name>
         <load_address>0x2762</load_address>
         <run_address>0x2762</run_address>
         <size>0x19c</size>
         <input_file_ref idref="fl-15"/>
      </object_component>
      <object_component id="oc-1ef">
         <name>.debug_line</name>
         <load_address>0x28fe</load_address>
         <run_address>0x28fe</run_address>
         <size>0xd0</size>
         <input_file_ref idref="fl-15"/>
      </object_component>
      <object_component id="oc-17a">
         <name>.debug_line</name>
         <load_address>0x29ce</load_address>
         <run_address>0x29ce</run_address>
         <size>0xbe</size>
         <input_file_ref idref="fl-15"/>
      </object_component>
      <object_component id="oc-eb">
         <name>.debug_line</name>
         <load_address>0x2a8c</load_address>
         <run_address>0x2a8c</run_address>
         <size>0xa1</size>
         <input_file_ref idref="fl-15"/>
      </object_component>
      <object_component id="oc-d8">
         <name>.debug_line</name>
         <load_address>0x2b2d</load_address>
         <run_address>0x2b2d</run_address>
         <size>0xc7</size>
         <input_file_ref idref="fl-15"/>
      </object_component>
      <object_component id="oc-1e7">
         <name>.debug_line</name>
         <load_address>0x2bf4</load_address>
         <run_address>0x2bf4</run_address>
         <size>0x14b</size>
         <input_file_ref idref="fl-15"/>
      </object_component>
      <object_component id="oc-aa">
         <name>.debug_line</name>
         <load_address>0x2d3f</load_address>
         <run_address>0x2d3f</run_address>
         <size>0x4f</size>
         <input_file_ref idref="fl-21"/>
      </object_component>
      <object_component id="oc-186">
         <name>.debug_line</name>
         <load_address>0x2d8e</load_address>
         <run_address>0x2d8e</run_address>
         <size>0xae</size>
         <input_file_ref idref="fl-22"/>
      </object_component>
      <object_component id="oc-137">
         <name>.debug_line</name>
         <load_address>0x2e3c</load_address>
         <run_address>0x2e3c</run_address>
         <size>0x3f</size>
         <input_file_ref idref="fl-24"/>
      </object_component>
      <object_component id="oc-1f4">
         <name>.debug_line</name>
         <load_address>0x2e7b</load_address>
         <run_address>0x2e7b</run_address>
         <size>0x21</size>
         <input_file_ref idref="fl-24"/>
      </object_component>
      <object_component id="oc-1a4">
         <name>.debug_line</name>
         <load_address>0x2e9c</load_address>
         <run_address>0x2e9c</run_address>
         <size>0x74</size>
         <input_file_ref idref="fl-25"/>
      </object_component>
      <object_component id="oc-250">
         <name>.debug_line</name>
         <load_address>0x2f10</load_address>
         <run_address>0x2f10</run_address>
         <size>0x21</size>
         <input_file_ref idref="fl-25"/>
      </object_component>
      <object_component id="oc-4e">
         <name>.debug_line</name>
         <load_address>0x2f31</load_address>
         <run_address>0x2f31</run_address>
         <size>0x4d</size>
         <input_file_ref idref="fl-26"/>
      </object_component>
      <object_component id="oc-12f">
         <name>.debug_line</name>
         <load_address>0x2f7e</load_address>
         <run_address>0x2f7e</run_address>
         <size>0x21</size>
         <input_file_ref idref="fl-26"/>
      </object_component>
      <object_component id="oc-27">
         <name>.debug_line</name>
         <load_address>0x2f9f</load_address>
         <run_address>0x2f9f</run_address>
         <size>0x57</size>
         <input_file_ref idref="fl-27"/>
      </object_component>
      <object_component id="oc-9b">
         <name>.debug_line</name>
         <load_address>0x2ff6</load_address>
         <run_address>0x2ff6</run_address>
         <size>0x21</size>
         <input_file_ref idref="fl-27"/>
      </object_component>
      <object_component id="oc-25">
         <name>.debug_line</name>
         <load_address>0x3017</load_address>
         <run_address>0x3017</run_address>
         <size>0x95</size>
         <input_file_ref idref="fl-28"/>
      </object_component>
      <object_component id="oc-96">
         <name>.debug_line</name>
         <load_address>0x30ac</load_address>
         <run_address>0x30ac</run_address>
         <size>0x21</size>
         <input_file_ref idref="fl-28"/>
      </object_component>
      <object_component id="oc-20f">
         <name>.debug_line</name>
         <load_address>0x30cd</load_address>
         <run_address>0x30cd</run_address>
         <size>0x2b</size>
         <input_file_ref idref="fl-29"/>
      </object_component>
      <object_component id="oc-145">
         <name>.debug_line</name>
         <load_address>0x30f8</load_address>
         <run_address>0x30f8</run_address>
         <size>0x66</size>
         <input_file_ref idref="fl-29"/>
      </object_component>
      <object_component id="oc-21a">
         <name>.debug_line</name>
         <load_address>0x315e</load_address>
         <run_address>0x315e</run_address>
         <size>0x21</size>
         <input_file_ref idref="fl-29"/>
      </object_component>
      <object_component id="oc-217">
         <name>.debug_line</name>
         <load_address>0x317f</load_address>
         <run_address>0x317f</run_address>
         <size>0x2c</size>
         <input_file_ref idref="fl-2a"/>
      </object_component>
      <object_component id="oc-276">
         <name>.debug_line</name>
         <load_address>0x31ab</load_address>
         <run_address>0x31ab</run_address>
         <size>0x2c</size>
         <input_file_ref idref="fl-2a"/>
      </object_component>
      <object_component id="oc-214">
         <name>.debug_line</name>
         <load_address>0x31d7</load_address>
         <run_address>0x31d7</run_address>
         <size>0x5f</size>
         <input_file_ref idref="fl-2a"/>
      </object_component>
      <object_component id="oc-259">
         <name>.debug_line</name>
         <load_address>0x3236</load_address>
         <run_address>0x3236</run_address>
         <size>0x21</size>
         <input_file_ref idref="fl-2a"/>
      </object_component>
      <object_component id="oc-13e">
         <name>.debug_line</name>
         <load_address>0x3257</load_address>
         <run_address>0x3257</run_address>
         <size>0x4e</size>
         <input_file_ref idref="fl-2b"/>
      </object_component>
      <object_component id="oc-20c">
         <name>.debug_line</name>
         <load_address>0x32a5</load_address>
         <run_address>0x32a5</run_address>
         <size>0x30</size>
         <input_file_ref idref="fl-2b"/>
      </object_component>
      <object_component id="oc-46">
         <name>.debug_line</name>
         <load_address>0x32d5</load_address>
         <run_address>0x32d5</run_address>
         <size>0x63</size>
         <input_file_ref idref="fl-2e"/>
      </object_component>
      <object_component id="oc-12c">
         <name>.debug_line</name>
         <load_address>0x3338</load_address>
         <run_address>0x3338</run_address>
         <size>0x21</size>
         <input_file_ref idref="fl-2e"/>
      </object_component>
      <object_component id="oc-1fa">
         <name>.debug_line</name>
         <load_address>0x3359</load_address>
         <run_address>0x3359</run_address>
         <size>0x3b</size>
         <input_file_ref idref="fl-2f"/>
      </object_component>
      <object_component id="oc-270">
         <name>.debug_line</name>
         <load_address>0x3394</load_address>
         <run_address>0x3394</run_address>
         <size>0x21</size>
         <input_file_ref idref="fl-2f"/>
      </object_component>
      <object_component id="oc-38">
         <name>.debug_frame</name>
         <load_address>0x0</load_address>
         <run_address>0x0</run_address>
         <size>0x174</size>
         <input_file_ref idref="fl-2"/>
      </object_component>
      <object_component id="oc-3d">
         <name>.debug_frame</name>
         <load_address>0x174</load_address>
         <run_address>0x174</run_address>
         <size>0x130</size>
         <input_file_ref idref="fl-2"/>
      </object_component>
      <object_component id="oc-66">
         <name>.debug_frame</name>
         <load_address>0x2a4</load_address>
         <run_address>0x2a4</run_address>
         <size>0x104</size>
         <input_file_ref idref="fl-4"/>
      </object_component>
      <object_component id="oc-6e">
         <name>.debug_frame</name>
         <load_address>0x3a8</load_address>
         <run_address>0x3a8</run_address>
         <size>0x9c</size>
         <input_file_ref idref="fl-6"/>
      </object_component>
      <object_component id="oc-79">
         <name>.debug_frame</name>
         <load_address>0x444</load_address>
         <run_address>0x444</run_address>
         <size>0x230</size>
         <input_file_ref idref="fl-8"/>
      </object_component>
      <object_component id="oc-14b">
         <name>.debug_frame</name>
         <load_address>0x674</load_address>
         <run_address>0x674</run_address>
         <size>0x44</size>
         <input_file_ref idref="fl-11"/>
      </object_component>
      <object_component id="oc-b5">
         <name>.debug_frame</name>
         <load_address>0x6b8</load_address>
         <run_address>0x6b8</run_address>
         <size>0x44</size>
         <input_file_ref idref="fl-11"/>
      </object_component>
      <object_component id="oc-153">
         <name>.debug_frame</name>
         <load_address>0x6fc</load_address>
         <run_address>0x6fc</run_address>
         <size>0x44</size>
         <input_file_ref idref="fl-11"/>
      </object_component>
      <object_component id="oc-158">
         <name>.debug_frame</name>
         <load_address>0x740</load_address>
         <run_address>0x740</run_address>
         <size>0x44</size>
         <input_file_ref idref="fl-11"/>
      </object_component>
      <object_component id="oc-121">
         <name>.debug_frame</name>
         <load_address>0x784</load_address>
         <run_address>0x784</run_address>
         <size>0x44</size>
         <input_file_ref idref="fl-12"/>
      </object_component>
      <object_component id="oc-90">
         <name>.debug_frame</name>
         <load_address>0x7c8</load_address>
         <run_address>0x7c8</run_address>
         <size>0x44</size>
         <input_file_ref idref="fl-12"/>
      </object_component>
      <object_component id="oc-164">
         <name>.debug_frame</name>
         <load_address>0x80c</load_address>
         <run_address>0x80c</run_address>
         <size>0x44</size>
         <input_file_ref idref="fl-13"/>
      </object_component>
      <object_component id="oc-d0">
         <name>.debug_frame</name>
         <load_address>0x850</load_address>
         <run_address>0x850</run_address>
         <size>0x44</size>
         <input_file_ref idref="fl-13"/>
      </object_component>
      <object_component id="oc-c4">
         <name>.debug_frame</name>
         <load_address>0x894</load_address>
         <run_address>0x894</run_address>
         <size>0x44</size>
         <input_file_ref idref="fl-13"/>
      </object_component>
      <object_component id="oc-ed">
         <name>.debug_frame</name>
         <load_address>0x8d8</load_address>
         <run_address>0x8d8</run_address>
         <size>0x44</size>
         <input_file_ref idref="fl-13"/>
      </object_component>
      <object_component id="oc-f7">
         <name>.debug_frame</name>
         <load_address>0x91c</load_address>
         <run_address>0x91c</run_address>
         <size>0x44</size>
         <input_file_ref idref="fl-13"/>
      </object_component>
      <object_component id="oc-ca">
         <name>.debug_frame</name>
         <load_address>0x960</load_address>
         <run_address>0x960</run_address>
         <size>0x44</size>
         <input_file_ref idref="fl-13"/>
      </object_component>
      <object_component id="oc-119">
         <name>.debug_frame</name>
         <load_address>0x9a4</load_address>
         <run_address>0x9a4</run_address>
         <size>0x40</size>
         <input_file_ref idref="fl-14"/>
      </object_component>
      <object_component id="oc-fe">
         <name>.debug_frame</name>
         <load_address>0x9e4</load_address>
         <run_address>0x9e4</run_address>
         <size>0x40</size>
         <input_file_ref idref="fl-14"/>
      </object_component>
      <object_component id="oc-107">
         <name>.debug_frame</name>
         <load_address>0xa24</load_address>
         <run_address>0xa24</run_address>
         <size>0x40</size>
         <input_file_ref idref="fl-14"/>
      </object_component>
      <object_component id="oc-112">
         <name>.debug_frame</name>
         <load_address>0xa64</load_address>
         <run_address>0xa64</run_address>
         <size>0x40</size>
         <input_file_ref idref="fl-14"/>
      </object_component>
      <object_component id="oc-10d">
         <name>.debug_frame</name>
         <load_address>0xaa4</load_address>
         <run_address>0xaa4</run_address>
         <size>0x40</size>
         <input_file_ref idref="fl-14"/>
      </object_component>
      <object_component id="oc-7f">
         <name>.debug_frame</name>
         <load_address>0xae4</load_address>
         <run_address>0xae4</run_address>
         <size>0x40</size>
         <input_file_ref idref="fl-14"/>
      </object_component>
      <object_component id="oc-82">
         <name>.debug_frame</name>
         <load_address>0xb24</load_address>
         <run_address>0xb24</run_address>
         <size>0x44</size>
         <input_file_ref idref="fl-14"/>
      </object_component>
      <object_component id="oc-88">
         <name>.debug_frame</name>
         <load_address>0xb68</load_address>
         <run_address>0xb68</run_address>
         <size>0x44</size>
         <input_file_ref idref="fl-14"/>
      </object_component>
      <object_component id="oc-181">
         <name>.debug_frame</name>
         <load_address>0xbac</load_address>
         <run_address>0xbac</run_address>
         <size>0x40</size>
         <input_file_ref idref="fl-15"/>
      </object_component>
      <object_component id="oc-175">
         <name>.debug_frame</name>
         <load_address>0xbec</load_address>
         <run_address>0xbec</run_address>
         <size>0x40</size>
         <input_file_ref idref="fl-15"/>
      </object_component>
      <object_component id="oc-24a">
         <name>.debug_frame</name>
         <load_address>0xc2c</load_address>
         <run_address>0xc2c</run_address>
         <size>0x40</size>
         <input_file_ref idref="fl-15"/>
      </object_component>
      <object_component id="oc-25f">
         <name>.debug_frame</name>
         <load_address>0xc6c</load_address>
         <run_address>0xc6c</run_address>
         <size>0x44</size>
         <input_file_ref idref="fl-15"/>
      </object_component>
      <object_component id="oc-238">
         <name>.debug_frame</name>
         <load_address>0xcb0</load_address>
         <run_address>0xcb0</run_address>
         <size>0x44</size>
         <input_file_ref idref="fl-15"/>
      </object_component>
      <object_component id="oc-220">
         <name>.debug_frame</name>
         <load_address>0xcf4</load_address>
         <run_address>0xcf4</run_address>
         <size>0x44</size>
         <input_file_ref idref="fl-15"/>
      </object_component>
      <object_component id="oc-227">
         <name>.debug_frame</name>
         <load_address>0xd38</load_address>
         <run_address>0xd38</run_address>
         <size>0x44</size>
         <input_file_ref idref="fl-15"/>
      </object_component>
      <object_component id="oc-23f">
         <name>.debug_frame</name>
         <load_address>0xd7c</load_address>
         <run_address>0xd7c</run_address>
         <size>0x44</size>
         <input_file_ref idref="fl-15"/>
      </object_component>
      <object_component id="oc-22c">
         <name>.debug_frame</name>
         <load_address>0xdc0</load_address>
         <run_address>0xdc0</run_address>
         <size>0x44</size>
         <input_file_ref idref="fl-15"/>
      </object_component>
      <object_component id="oc-26c">
         <name>.debug_frame</name>
         <load_address>0xe04</load_address>
         <run_address>0xe04</run_address>
         <size>0x44</size>
         <input_file_ref idref="fl-15"/>
      </object_component>
      <object_component id="oc-232">
         <name>.debug_frame</name>
         <load_address>0xe48</load_address>
         <run_address>0xe48</run_address>
         <size>0x44</size>
         <input_file_ref idref="fl-15"/>
      </object_component>
      <object_component id="oc-245">
         <name>.debug_frame</name>
         <load_address>0xe8c</load_address>
         <run_address>0xe8c</run_address>
         <size>0x40</size>
         <input_file_ref idref="fl-15"/>
      </object_component>
      <object_component id="oc-e4">
         <name>.debug_frame</name>
         <load_address>0xecc</load_address>
         <run_address>0xecc</run_address>
         <size>0x44</size>
         <input_file_ref idref="fl-15"/>
      </object_component>
      <object_component id="oc-de">
         <name>.debug_frame</name>
         <load_address>0xf10</load_address>
         <run_address>0xf10</run_address>
         <size>0x50</size>
         <input_file_ref idref="fl-15"/>
      </object_component>
      <object_component id="oc-1ee">
         <name>.debug_frame</name>
         <load_address>0xf60</load_address>
[...]
      <memory_area display="yes" color="green">
         <name>RAMGS5</name>
         <page_id>0x1</page_id>
         <origin>0x11000</origin>
         <length>0x1000</length>
         <used_space>0x0</used_space>
         <unused_space>0x1000</unused_space>
         <attributes>RWIX</attributes>
         <usage_details>
         </usage_details>
      </memory_area>
      <memory_area display="yes" color="green">
         <name>RAMGS6</name>
         <page_id>0x1</page_id>
         <origin>0x12000</origin>
         <length>0x1000</length>
         <used_space>0x0</used_space>
         <unused_space>0x1000</unused_space>
         <attributes>RWIX</attributes>
         <usage_details>
         </usage_details>
      </memory_area>
      <memory_area display="yes" color="green">
         <name>RAMGS7</name>
         <page_id>0x1</page_id>
         <origin>0x13000</origin>
         <length>0x1000</length>
         <used_space>0x0</used_space>
         <unused_space>0x1000</unused_space>
         <attributes>RWIX</attributes>
         <usage_details>
         </usage_details>
      </memory_area>
      <memory_area display="yes" color="green">
         <name>RAMGS8</name>
         <page_id>0x1</page_id>
         <origin>0x14000</origin>
         <length>0x1000</length>
         <used_space>0x0</used_space>
         <unused_space>0x1000</unused_space>
         <attributes>RWIX</attributes>
         <usage_details>
         </usage_details>
      </memory_area>
      <memory_area display="yes" color="green">
         <name>RAMGS9</name>
         <page_id>0x1</page_id>
         <origin>0x15000</origin>
         <length>0x1000</length>
         <used_space>0x0</used_space>
         <unused_space>0x1000</unused_space>
         <attributes>RWIX</attributes>
         <usage_details>
         </usage_details>
      </memory_area>
      <memory_area display="yes" color="green">
         <name>RAMGS10</name>
         <page_id>0x1</page_id>
         <origin>0x16000</origin>
         <length>0x1000</length>
         <used_space>0x0</used_space>
         <unused_space>0x1000</unused_space>
         <attributes>RWIX</attributes>
         <usage_details>
         </usage_details>
      </memory_area>
      <memory_area display="yes" color="green">
         <name>RAMGS11</name>
         <page_id>0x1</page_id>
         <origin>0x17000</origin>
         <length>0x1000</length>
         <used_space>0x0</used_space>
         <unused_space>0x1000</unused_space>
         <attributes>RWIX</attributes>
         <usage_details>
         </usage_details>
      </memory_area>
      <memory_area display="yes" color="green">
         <name>RAMGS12</name>
         <page_id>0x1</page_id>
         <origin>0x18000</origin>
         <length>0x1000</length>
         <used_space>0x0</used_space>
         <unused_space>0x1000</unused_space>
         <attributes>RWIX</attributes>
         <usage_details>
         </usage_details>
      </memory_area>
      <memory_area display="yes" color="green">
         <name>RAMGS13</name>
         <page_id>0x1</page_id>
         <origin>0x19000</origin>
         <length>0x1000</length>
         <used_space>0x0</used_space>
         <unused_space>0x1000</unused_space>
         <attributes>RWIX</attributes>
         <usage_details>
         </usage_details>
      </memory_area>
      <memory_area display="yes" color="green">
         <name>RAMGS14</name>
         <page_id>0x1</page_id>
         <origin>0x1a000</origin>
         <length>0x1000</length>
         <used_space>0x0</used_space>
         <unused_space>0x1000</unused_space>
         <attributes>RWIX</attributes>
         <usage_details>
         </usage_details>
      </memory_area>
      <memory_area display="yes" color="green">
         <name>RAMGS15</name>
         <page_id>0x1</page_id>
         <origin>0x1b000</origin>
         <length>0xff8</length>
         <used_space>0x0</used_space>
         <unused_space>0xff8</unused_space>
         <attributes>RWIX</attributes>
         <usage_details>
         </usage_details>
      </memory_area>
      <memory_area display="yes" color="green">
         <name>CPU2TOCPU1RAM</name>
         <page_id>0x1</page_id>
         <origin>0x3f800</origin>
         <length>0x400</length>
         <used_space>0x0</used_space>
         <unused_space>0x400</unused_space>
         <attributes>RWIX</attributes>
         <usage_details>
         </usage_details>
      </memory_area>
      <memory_area display="yes" color="green">
         <name>CPU1TOCPU2RAM</name>
         <page_id>0x1</page_id>
         <origin>0x3fc00</origin>
         <length>0x400</length>
         <used_space>0x0</used_space>
         <unused_space>0x400</unused_space>
         <attributes>RWIX</attributes>
         <usage_details>
         </usage_details>
      </memory_area>
      <memory_area display="yes" color="green">
         <name>CANA_MSG_RAM</name>
         <page_id>0x1</page_id>
         <origin>0x49000</origin>
         <length>0x800</length>
         <used_space>0x0</used_space>
         <unused_space>0x800</unused_space>
         <attributes>RWIX</attributes>
         <usage_details>
         </usage_details>
      </memory_area>
      <memory_area display="yes" color="green">
         <name>CANB_MSG_RAM</name>
         <page_id>0x1</page_id>
         <origin>0x4b000</origin>
         <length>0x800</length>
         <used_space>0x0</used_space>
         <unused_space>0x800</unused_space>
         <attributes>RWIX</attributes>
         <usage_details>
         </usage_details>
      </memory_area>
   </placement_map>
   <cptbl_list>
      <cptbl>
         <name>__TI_cinit_table</name>
         <cprec>
            <name>.data</name>
            <load_address>0x128</load_address>
            <load_size>0xb</load_size>
            <run_address>0xab22</run_address>
            <run_size>0x22</run_size>
            <compression>lzss</compression>
         </cprec>
         <cprec>
            <name>.bss</name>
            <load_address>0x13a</load_address>
            <load_size>0x4</load_size>
            <run_address>0xab44</run_address>
            <run_size>0x4</run_size>
            <compression>zero_init</compression>
         </cprec>
      </cptbl>
   </cptbl_list>
   <handler_table>
      <handler_table_name>__TI_handler_table</handler_table_name>
      <handler>
         <index>0x0</index>
         <name>__TI_zero_init</name>
      </handler>
      <handler>
         <index>0x1</index>
         <name>__TI_decompress_lzss</name>
      </handler>
      <handler>
         <index>0x2</index>
         <name>__TI_decompress_none</name>
      </handler>
   </handler_table>
   <symbol_table>
      <symbol id="sm-1">
         <name>__TI_CINIT_Base</name>
         <value>0x13e</value>
      </symbol>
      <symbol id="sm-2">
         <name>__TI_CINIT_Limit</name>
         <value>0x146</value>
      </symbol>
      <symbol id="sm-3">
         <name>__TI_CINIT_Warm</name>
         <value>0x146</value>
      </symbol>
      <symbol id="sm-4">
         <name>__TI_Handler_Table_Base</name>
         <value>0x134</value>
      </symbol>
      <symbol id="sm-5">
         <name>__TI_Handler_Table_Limit</name>
         <value>0x13a</value>
      </symbol>
      <symbol id="sm-6">
         <name>__TI_STACK_SIZE</name>
         <value>0x100</value>
      </symbol>
      <symbol id="sm-7">
         <name>__TI_STACK_END</name>
         <value>0x500</value>
      </symbol>
      <symbol id="sm-8">
         <name>__TI_pprof_out_hndl</name>
         <value>0xffffffff</value>
      </symbol>
      <symbol id="sm-9">
         <name>__TI_prof_data_start</name>
         <value>0xffffffff</value>
      </symbol>
      <symbol id="sm-a">
         <name>__TI_prof_data_size</name>
         <value>0xffffffff</value>
      </symbol>
      <symbol id="sm-72">
         <name>timer1Flag</name>
         <value>0xab22</value>
         <object_component_ref idref="oc-5b"/>
      </symbol>
      <symbol id="sm-73">
         <name>cpuTimer1IntCount</name>
         <value>0xab28</value>
         <object_component_ref idref="oc-5b"/>
      </symbol>
      <symbol id="sm-74">
         <name>sawtooth_upper</name>
         <value>0xab44</value>
         <object_component_ref idref="oc-5e"/>
      </symbol>
      <symbol id="sm-75">
         <name>TIMER1ISR</name>
         <value>0x8350</value>
         <object_component_ref idref="oc-32"/>
      </symbol>
      <symbol id="sm-76">
         <name>sawtooth_lower</name>
         <value>0xab46</value>
         <object_component_ref idref="oc-5e"/>
      </symbol>
      <symbol id="sm-77">
         <name>initCPUTimers</name>
         <value>0xb721</value>
         <object_component_ref idref="oc-33"/>
      </symbol>
      <symbol id="sm-78">
         <name>TIMER0ISR</name>
         <value>0x830b</value>
         <object_component_ref idref="oc-32"/>
      </symbol>
      <symbol id="sm-79">
         <name>main</name>
         <value>0xb6cc</value>
         <object_component_ref idref="oc-33"/>
      </symbol>
      <symbol id="sm-7a">
         <name>sinWave</name>
         <value>0xab36</value>
         <object_component_ref idref="oc-6a"/>
      </symbol>
      <symbol id="sm-7b">
         <name>adcResult</name>
         <value>0xab3c</value>
         <object_component_ref idref="oc-61"/>
      </symbol>
      <symbol id="sm-7c">
         <name>real_time0</name>
         <value>0xab24</value>
         <object_component_ref idref="oc-5b"/>
      </symbol>
      <symbol id="sm-7d">
         <name>cpuTimer0IntCount</name>
         <value>0xab26</value>
         <object_component_ref idref="oc-5b"/>
      </symbol>
      <symbol id="sm-7e">
         <name>configCPUTimers</name>
         <value>0xb748</value>
         <object_component_ref idref="oc-33"/>
      </symbol>
      <symbol id="sm-9b">
         <name>initADCSOCs</name>
         <value>0x82d1</value>
         <object_component_ref idref="oc-64"/>
      </symbol>
      <symbol id="sm-9c">
         <name>ADC_updateReading</name>
         <value>0x82f2</value>
         <object_component_ref idref="oc-64"/>
      </symbol>
      <symbol id="sm-9d">
         <name>initADCs</name>
         <value>0x829e</value>
         <object_component_ref idref="oc-64"/>
      </symbol>
      <symbol id="sm-ca">
         <name>SPWM_initGPIOs</name>
         <value>0xb431</value>
         <object_component_ref idref="oc-6d"/>
      </symbol>
      <symbol id="sm-cb">
         <name>SPWM_generate_3level</name>
         <value>0xb516</value>
         <object_component_ref idref="oc-6d"/>
      </symbol>
      <symbol id="sm-da">
         <name>code_start</name>
         <value>0x0</value>
         <object_component_ref idref="oc-2d"/>
      </symbol>
      <symbol id="sm-10c">
         <name>Device_enableAllPeripherals</name>
         <value>0xb0ed</value>
         <object_component_ref idref="oc-74"/>
      </symbol>
      <symbol id="sm-10d">
         <name>Device_initGPIO</name>
         <value>0xb1d8</value>
         <object_component_ref idref="oc-74"/>
      </symbol>
      <symbol id="sm-10e">
         <name>Example_Fail</name>
         <value>0xab2e</value>
         <object_component_ref idref="oc-f8"/>
      </symbol>
      <symbol id="sm-10f">
         <name>Example_setResultFail</name>
         <value>0xb3f6</value>
         <object_component_ref idref="oc-74"/>
      </symbol>
      <symbol id="sm-110">
         <name>Device_bootCPU2</name>
         <value>0xb270</value>
         <object_component_ref idref="oc-74"/>
      </symbol>
      <symbol id="sm-111">
         <name>Device_init</name>
         <value>0xb0ab</value>
         <object_component_ref idref="oc-74"/>
      </symbol>
      <symbol id="sm-112">
         <name>Example_Result</name>
         <value>0xab2a</value>
         <object_component_ref idref="oc-f8"/>
      </symbol>
      <symbol id="sm-113">
         <name>Device_enableUnbondedGPIOPullups</name>
         <value>0xb229</value>
         <object_component_ref idref="oc-74"/>
      </symbol>
      <symbol id="sm-114">
         <name>__error__</name>
         <value>0xb3ea</value>
         <object_component_ref idref="oc-74"/>
      </symbol>
      <symbol id="sm-115">
         <name>Example_setResultPass</name>
         <value>0xb3f1</value>
         <object_component_ref idref="oc-74"/>
      </symbol>
      <symbol id="sm-116">
         <name>Device_configureTMXAnalogTrim</name>
         <value>0xb23f</value>
         <object_component_ref idref="oc-74"/>
      </symbol>
      <symbol id="sm-117">
         <name>Device_enableUnbondedGPIOPullupsFor176Pin</name>
         <value>0xb1f9</value>
         <object_component_ref idref="oc-74"/>
      </symbol>
      <symbol id="sm-118">
         <name>Example_done</name>
         <value>0xb3fb</value>
         <object_component_ref idref="oc-74"/>
      </symbol>
      <symbol id="sm-119">
         <name>Example_PassCount</name>
         <value>0xab2c</value>
         <object_component_ref idref="oc-f8"/>
      </symbol>
      <symbol id="sm-11a">
         <name>Device_enableUnbondedGPIOPullupsFor100Pin</name>
         <value>0xb20c</value>
         <object_component_ref idref="oc-74"/>
      </symbol>
      <symbol id="sm-15b">
         <name>ADC_setOffsetTrim</name>
         <value>0x850c</value>
         <object_component_ref idref="oc-154"/>
      </symbol>
      <symbol id="sm-15c">
         <name>ADC_setMode</name>
         <value>0x87d1</value>
         <object_component_ref idref="oc-b3"/>
      </symbol>
      <symbol id="sm-15d">
         <name>ADC_setINLTrim</name>
         <value>0x8435</value>
         <object_component_ref idref="oc-14e"/>
      </symbol>
      <symbol id="sm-177">
         <name>CPUTimer_setEmulationMode</name>
         <value>0x8977</value>
         <object_component_ref idref="oc-8c"/>
      </symbol>
      <symbol id="sm-1b9">
         <name>GPIO_setQualificationMode</name>
         <value>0x8702</value>
         <object_component_ref idref="oc-ec"/>
      </symbol>
      <symbol id="sm-1ba">
         <name>GPIO_setPadConfig</name>
         <value>0x856c</value>
         <object_component_ref idref="oc-bf"/>
      </symbol>
      <symbol id="sm-1bb">
         <name>GPIO_setDirectionMode</name>
         <value>0x8770</value>
         <object_component_ref idref="oc-cb"/>
      </symbol>
      <symbol id="sm-1bc">
         <name>GPIO_setPinConfig</name>
         <value>0x86cb</value>
         <object_component_ref idref="oc-c5"/>
      </symbol>
      <symbol id="sm-1bd">
         <name>GPIO_setControllerCore</name>
         <value>0x8694</value>
         <object_component_ref idref="oc-f2"/>
      </symbol>
      <symbol id="sm-20f">
         <name>Interrupt_initModule</name>
         <value>0x8657</value>
         <object_component_ref idref="oc-7a"/>
      </symbol>
      <symbol id="sm-210">
         <name>Interrupt_enable</name>
         <value>0x8739</value>
         <object_component_ref idref="oc-86"/>
      </symbol>
      <symbol id="sm-211">
         <name>Interrupt_initVectorTable</name>
         <value>0x8894</value>
         <object_component_ref idref="oc-80"/>
      </symbol>
      <symbol id="sm-2ea">
         <name>SysCtl_delay</name>
         <value>0x123</value>
         <object_component_ref idref="oc-b9"/>
      </symbol>
      <symbol id="sm-2eb">
         <name>SysCtl_getDeviceParametric</name>
         <value>0x84a4</value>
         <object_component_ref idref="oc-d3"/>
      </symbol>
      <symbol id="sm-2ec">
         <name>SysCtl_selectXTAL</name>
         <value>0xb775</value>
         <object_component_ref idref="oc-1ea"/>
      </symbol>
      <symbol id="sm-2ed">
         <name>SysCtl_selectOscSource</name>
         <value>0x860f</value>
         <object_component_ref idref="oc-176"/>
      </symbol>
      <symbol id="sm-2ee">
         <name>SysCtl_getLowSpeedClock</name>
         <value>0x8904</value>
         <object_component_ref idref="oc-e6"/>
      </symbol>
      <symbol id="sm-2ef">
         <name>SysCtl_setClock</name>
         <value>0x8000</value>
         <object_component_ref idref="oc-d9"/>
      </symbol>
      <symbol id="sm-2f0">
         <name>SysCtl_getClock</name>
         <value>0x85be</value>
         <object_component_ref idref="oc-df"/>
      </symbol>
      <symbol id="sm-2fa">
         <name>_c_int00</name>
         <value>0x894c</value>
         <object_component_ref idref="oc-a6"/>
      </symbol>
      <symbol id="sm-2fb">
         <name>__stack</name>
         <value>0x400</value>
         <object_component_ref idref="oc-3e"/>
      </symbol>
      <symbol id="sm-308">
         <name>__c28xabi_divf</name>
         <value>0x83ad</value>
         <object_component_ref idref="oc-182"/>
      </symbol>
      <symbol id="sm-316">
         <name>_system_pre_init</name>
         <value>0x8a55</value>
         <object_component_ref idref="oc-133"/>
      </symbol>
      <symbol id="sm-325">
         <name>__TI_auto_init_nobinit_nopinit</name>
         <value>0x8800</value>
         <object_component_ref idref="oc-1a2"/>
      </symbol>
      <symbol id="sm-334">
         <name>__TI_zero_init_nomemset</name>
         <value>0x8a04</value>
         <object_component_ref idref="oc-49"/>
      </symbol>
      <symbol id="sm-341">
         <name>__TI_decompress_none</name>
         <value>0x8a42</value>
         <object_component_ref idref="oc-26"/>
      </symbol>
      <symbol id="sm-355">
         <name>__TI_decompress_lzss</name>
         <value>0x87a1</value>
         <object_component_ref idref="oc-20"/>
      </symbol>
      <symbol id="sm-36b">
         <name>C$$EXIT</name>
         <value>0x882b</value>
         <object_component_ref idref="oc-140"/>
      </symbol>
      <symbol id="sm-36c">
         <name>abort</name>
         <value>0x882b</value>
         <object_component_ref idref="oc-140"/>
      </symbol>
      <symbol id="sm-36d">
         <name>exit</name>
         <value>0x882d</value>
         <object_component_ref idref="oc-140"/>
      </symbol>
      <symbol id="sm-36e">
         <name>__TI_dtors_ptr</name>
         <value>0xab34</value>
         <object_component_ref idref="oc-1d4"/>
      </symbol>
      <symbol id="sm-36f">
         <name>__TI_cleanup_ptr</name>
         <value>0xab32</value>
         <object_component_ref idref="oc-1d4"/>
      </symbol>
      <symbol id="sm-370">
         <name>__TI_enable_exit_profile_output</name>
         <value>0xab30</value>
         <object_component_ref idref="oc-1d4"/>
      </symbol>
      <symbol id="sm-387">
         <name>_nop</name>
         <value>0x8a39</value>
         <object_component_ref idref="oc-210"/>
      </symbol>
      <symbol id="sm-388">
         <name>_lock</name>
         <value>0xab40</value>
         <object_component_ref idref="oc-1d7"/>
      </symbol>
      <symbol id="sm-389">
         <name>_unlock</name>
         <value>0xab42</value>
         <object_component_ref idref="oc-254"/>
      </symbol>
      <symbol id="sm-38a">
         <name>_register_lock</name>
         <value>0x8a35</value>
         <object_component_ref idref="oc-210"/>
      </symbol>
      <symbol id="sm-38b">
         <name>_register_unlock</name>
         <value>0x8a31</value>
         <object_component_ref idref="oc-210"/>
      </symbol>
      <symbol id="sm-39a">
         <name>_args_main</name>
         <value>0x8a11</value>
         <object_component_ref idref="oc-13a"/>
      </symbol>
      <symbol id="sm-3ae">
         <name>memcpy</name>
         <value>0x88b2</value>
         <object_component_ref idref="oc-41"/>
      </symbol>
      <symbol id="sm-3bb">
         <name>_system_post_cinit</name>
         <value>0xb7ff</value>
         <object_component_ref idref="oc-1f6"/>
      </symbol>
      <symbol id="sm-3bd">
         <name>__c_args__</name>
         <value>0x0</value>
      </symbol>
   </symbol_table>
   <title>Link successful</title>
</link_info>
